Archive member included to satisfy reference by file (symbol)

../libDaisy/build\libdaisy.a(daisy_seed.o)
                              build/main.o (daisy::DaisySeed::Configure())
../libDaisy/build\libdaisy.a(codec_ak4556.o)
                              ../libDaisy/build\libdaisy.a(daisy_seed.o) (daisy::Ak4556::Init(daisy::Pin))
../libDaisy/build\libdaisy.a(codec_wm8731.o)
                              ../libDaisy/build\libdaisy.a(daisy_seed.o) (daisy::Wm8731::Init(daisy::Wm8731::Config const&, daisy::I2CHandle))
../libDaisy/build\libdaisy.a(sdram.o)
                              ../libDaisy/build\libdaisy.a(daisy_seed.o) (SdramHandle::Init())
../libDaisy/build\libdaisy.a(audio.o)
                              ../libDaisy/build\libdaisy.a(daisy_seed.o) (daisy::AudioHandle::Init(daisy::AudioHandle::Config const&, daisy::SaiHandle))
../libDaisy/build\libdaisy.a(midi_parser.o)
                              build/main.o (daisy::MidiParser::Reset())
../libDaisy/build\libdaisy.a(usb_midi.o)
                              build/main.o (daisy::MidiUsbTransport::Init(daisy::MidiUsbTransport::Config))
../libDaisy/build\libdaisy.a(adc.o)
                              build/main.o (daisy::AdcChannelConfig::InitSingle(daisy::Pin, daisy::AdcChannelConfig::ConversionSpeed))
../libDaisy/build\libdaisy.a(gpio.o)
                              ../libDaisy/build\libdaisy.a(daisy_seed.o) (daisy::GPIO::Init(daisy::GPIO::Config const&))
../libDaisy/build\libdaisy.a(i2c.o)
                              ../libDaisy/build\libdaisy.a(daisy_seed.o) (daisy::I2CHandle::Init(daisy::I2CHandle::Config const&))
../libDaisy/build\libdaisy.a(qspi.o)
                              ../libDaisy/build\libdaisy.a(daisy_seed.o) (daisy::QSPIHandle::Init(daisy::QSPIHandle::Config const&))
../libDaisy/build\libdaisy.a(sai.o)
                              ../libDaisy/build\libdaisy.a(daisy_seed.o) (daisy::SaiHandle::Init(daisy::SaiHandle::Config const&))
../libDaisy/build\libdaisy.a(system.o)
                              ../libDaisy/build\libdaisy.a(daisy_seed.o) (daisy::System::DeInit())
../libDaisy/build\libdaisy.a(system_stm32h7xx.o)
                              build/startup_stm32h750xx.o (SystemInit)
../libDaisy/build\libdaisy.a(usbd_conf.o)
                              ../libDaisy/build\libdaisy.a(system.o) (hpcd_USB_OTG_HS)
../libDaisy/build\libdaisy.a(usbh_conf.o)
                              ../libDaisy/build\libdaisy.a(system.o) (hhcd_USB_OTG_HS)
../libDaisy/build\libdaisy.a(stm32h7xx_hal.o)
                              ../libDaisy/build\libdaisy.a(system.o) (HAL_Init)
../libDaisy/build\libdaisy.a(stm32h7xx_hal_adc.o)
                              ../libDaisy/build\libdaisy.a(adc.o) (HAL_ADC_ConfigChannel)
../libDaisy/build\libdaisy.a(stm32h7xx_hal_adc_ex.o)
                              ../libDaisy/build\libdaisy.a(adc.o) (HAL_ADCEx_Calibration_Start)
../libDaisy/build\libdaisy.a(stm32h7xx_hal_cortex.o)
                              ../libDaisy/build\libdaisy.a(stm32h7xx_hal.o) (HAL_NVIC_SetPriorityGrouping)
../libDaisy/build\libdaisy.a(stm32h7xx_hal_dma.o)
                              ../libDaisy/build\libdaisy.a(adc.o) (HAL_DMA_Init)
../libDaisy/build\libdaisy.a(stm32h7xx_hal_gpio.o)
                              ../libDaisy/build\libdaisy.a(sdram.o) (HAL_GPIO_Init)
../libDaisy/build\libdaisy.a(stm32h7xx_hal_hcd.o)
                              ../libDaisy/build\libdaisy.a(usbh_conf.o) (HAL_HCD_HC_Init)
../libDaisy/build\libdaisy.a(stm32h7xx_hal_i2c.o)
                              ../libDaisy/build\libdaisy.a(i2c.o) (HAL_I2C_Init)
../libDaisy/build\libdaisy.a(stm32h7xx_hal_i2c_ex.o)
                              ../libDaisy/build\libdaisy.a(i2c.o) (HAL_I2CEx_ConfigAnalogFilter)
../libDaisy/build\libdaisy.a(stm32h7xx_hal_pcd.o)
                              ../libDaisy/build\libdaisy.a(usbd_conf.o) (HAL_PCD_Init)
../libDaisy/build\libdaisy.a(stm32h7xx_hal_pcd_ex.o)
                              ../libDaisy/build\libdaisy.a(usbd_conf.o) (HAL_PCDEx_SetTxFiFo)
../libDaisy/build\libdaisy.a(stm32h7xx_hal_pwr_ex.o)
                              ../libDaisy/build\libdaisy.a(system.o) (HAL_PWREx_ConfigSupply)
../libDaisy/build\libdaisy.a(stm32h7xx_hal_qspi.o)
                              ../libDaisy/build\libdaisy.a(qspi.o) (HAL_QSPI_Init)
../libDaisy/build\libdaisy.a(stm32h7xx_hal_rcc.o)
                              ../libDaisy/build\libdaisy.a(system.o) (HAL_RCC_OscConfig)
../libDaisy/build\libdaisy.a(stm32h7xx_hal_rcc_ex.o)
                              ../libDaisy/build\libdaisy.a(system.o) (HAL_RCCEx_PeriphCLKConfig)
../libDaisy/build\libdaisy.a(stm32h7xx_hal_sai.o)
                              ../libDaisy/build\libdaisy.a(sai.o) (HAL_SAI_InitProtocol)
../libDaisy/build\libdaisy.a(stm32h7xx_hal_sdram.o)
                              ../libDaisy/build\libdaisy.a(sdram.o) (HAL_SDRAM_Init)
../libDaisy/build\libdaisy.a(stm32h7xx_ll_fmc.o)
                              ../libDaisy/build\libdaisy.a(stm32h7xx_hal_sdram.o) (FMC_SDRAM_Init)
[...]
Memory Configuration

Name             Origin             Length             Attributes
FLASH            0x08000000         0x00020000         xr
DTCMRAM          0x20000000         0x00020000         xrw
SRAM             0x24000000         0x00080000         xrw
RAM_D2           0x30000000         0x00048000         xrw
RAM_D3           0x38000000         0x00010000         xrw
BACKUP_SRAM      0x38800000         0x00001000         xrw
ITCMRAM          0x00000000         0x00010000         xrw
SDRAM            0xc0000000         0x04000000         xrw
QSPIFLASH        0x90000000         0x00800000         xr
*default*        0x00000000         0xffffffff

Linker script and memory map

LOAD c:/program files/daisytoolchain/bin/../lib/gcc/arm-none-eabi/10.2.1/thumb/v7e-m+dp/hard/crti.o
LOAD c:/program files/daisytoolchain/bin/../lib/gcc/arm-none-eabi/10.2.1/thumb/v7e-m+dp/hard/crtbegin.o
LOAD c:/program files/daisytoolchain/bin/../lib/gcc/arm-none-eabi/10.2.1/../../../../arm-none-eabi/lib/thumb/v7e-m+dp/hard/crt0.o
LOAD build/startup_stm32h750xx.o
LOAD build/main.o
LOAD ../libDaisy/build\libdaisy.a
LOAD c:/program files/daisytoolchain/bin/../lib/gcc/arm-none-eabi/10.2.1/../../../../arm-none-eabi/lib/thumb/v7e-m+dp/hard\libnosys.a
LOAD ../DaisySP/build\libdaisysp.a
LOAD c:/program files/daisytoolchain/bin/../lib/gcc/arm-none-eabi/10.2.1/../../../../arm-none-eabi/lib/thumb/v7e-m+dp/hard\libstdc++_nano.a
LOAD c:/program files/daisytoolchain/bin/../lib/gcc/arm-none-eabi/10.2.1/../../../../arm-none-eabi/lib/thumb/v7e-m+dp/hard\libm.a
LOAD c:/program files/daisytoolchain/bin/../lib/gcc/arm-none-eabi/10.2.1/../../../../arm-none-eabi/lib/thumb/v7e-m+dp/hard\libc_nano.a
START GROUP
LOAD c:/program files/daisytoolchain/bin/../lib/gcc/arm-none-eabi/10.2.1/thumb/v7e-m+dp/hard\libgcc.a
LOAD c:/program files/daisytoolchain/bin/../lib/gcc/arm-none-eabi/10.2.1/../../../../arm-none-eabi/lib/thumb/v7e-m+dp/hard\libc_nano.a
END GROUP
START GROUP
LOAD c:/program files/daisytoolchain/bin/../lib/gcc/arm-none-eabi/10.2.1/thumb/v7e-m+dp/hard\libgcc.a
LOAD c:/program files/daisytoolchain/bin/../lib/gcc/arm-none-eabi/10.2.1/../../../../arm-none-eabi/lib/thumb/v7e-m+dp/hard\libc_nano.a
LOAD c:/program files/daisytoolchain/bin/../lib/gcc/arm-none-eabi/10.2.1/../../../../arm-none-eabi/lib/thumb/v7e-m+dp/hard\libnosys.a
END GROUP
START GROUP
LOAD c:/program files/daisytoolchain/bin/../lib/gcc/arm-none-eabi/10.2.1/thumb/v7e-m+dp/hard\libgcc.a
LOAD c:/program files/daisytoolchain/bin/../lib/gcc/arm-none-eabi/10.2.1/../../../../arm-none-eabi/lib/thumb/v7e-m+dp/hard\libc_nano.a
LOAD c:/program files/daisytoolchain/bin/../lib/gcc/arm-none-eabi/10.2.1/../../../../arm-none-eabi/lib/thumb/v7e-m+dp/hard\libnosys.a
END GROUP
LOAD c:/program files/daisytoolchain/bin/../lib/gcc/arm-none-eabi/10.2.1/thumb/v7e-m+dp/hard/crtend.o
LOAD c:/program files/daisytoolchain/bin/../lib/gcc/arm-none-eabi/10.2.1/thumb/v7e-m+dp/hard/crtn.o
                0x20020000                _estack = 0x20020000

.isr_vector     0x08000000      0x298
                0x08000000                . = ALIGN (0x4)
 *(.isr_vector)
 .isr_vector    0x08000000      0x298 build/startup_stm32h750xx.o
                0x08000000                g_pfnVectors
                0x08000298                . = ALIGN (0x4)

.text           0x080002a0    0x164ac
                0x080002a0                . = ALIGN (0x4)
                0x080002a0                _stext = .
 *(.text)
 .text          0x080002a0       0x40 c:/program files/daisytoolchain/bin/../lib/gcc/arm-none-eabi/10.2.1/thumb/v7e-m+dp/hard/crtbegin.o
 .text          0x080002e0       0x10 c:/program files/daisytoolchain/bin/../lib/gcc/arm-none-eabi/10.2.1/../../../../arm-none-eabi/lib/thumb/v7e-m+dp/hard\libc_nano.a(lib_a-strlen.o)
                0x080002e0                strlen
 .text          0x080002f0       0xa0 c:/program files/daisytoolchain/bin/../lib/gcc/arm-none-eabi/10.2.1/../../../../arm-none-eabi/lib/thumb/v7e-m+dp/hard\libc_nano.a(lib_a-memchr.o)
                0x080002f0                memchr
 .text          0x08000390       0x30 c:/program files/daisytoolchain/bin/../lib/gcc/arm-none-eabi/10.2.1/thumb/v7e-m+dp/hard\libgcc.a(_aeabi_uldivmod.o)
                0x08000390                __aeabi_uldivmod
 .text          0x080003c0      0x2d0 c:/program files/daisytoolchain/bin/../lib/gcc/arm-none-eabi/10.2.1/thumb/v7e-m+dp/hard\libgcc.a(_udivmoddi4.o)
                0x080003c0                __udivmoddi4
 .text          0x08000690        0x4 c:/program files/daisytoolchain/bin/../lib/gcc/arm-none-eabi/10.2.1/thumb/v7e-m+dp/hard\libgcc.a(_dvmd_tls.o)
                0x08000690                __aeabi_idiv0
                0x08000690                __aeabi_ldiv0
 *(.text*)
 .text.Default_Handler
                0x08000694        0xc build/startup_stm32h750xx.o
                0x08000694                RTC_Alarm_IRQHandler
                0x08000694                HASH_RNG_IRQHandler
                0x08000694                EXTI2_IRQHandler
                0x08000694                TIM8_CC_IRQHandler
                0x08000694                HRTIM1_Master_IRQHandler
                0x08000694                DebugMon_Handler
                0x08000694                TIM1_CC_IRQHandler
                0x08000694                BDMA_Channel6_IRQHandler
                0x08000694                DMA2_Stream5_IRQHandler
                0x08000694                HRTIM1_FLT_IRQHandler
                0x08000694                JPEG_IRQHandler
                0x08000694                BDMA_Channel1_IRQHandler
                0x08000694                HRTIM1_TIMD_IRQHandler
                0x08000694                TAMP_STAMP_IRQHandler
                0x08000694                PendSV_Handler
                0x08000694                NMI_Handler
                0x08000694                EXTI3_IRQHandler
                0x08000694                LPTIM4_IRQHandler
                0x08000694                TIM8_TRG_COM_TIM14_IRQHandler
                0x08000694                LPTIM2_IRQHandler
                0x08000694                DFSDM1_FLT1_IRQHandler
                0x08000694                DMAMUX2_OVR_IRQHandler
                0x08000694                TIM8_UP_TIM13_IRQHandler
                0x08000694                I2C3_ER_IRQHandler
                0x08000694                DFSDM1_FLT2_IRQHandler
                0x08000694                MDMA_IRQHandler
                0x08000694                LPTIM3_IRQHandler
                0x08000694                HSEM1_IRQHandler
                0x08000694                EXTI0_IRQHandler
                0x08000694                FPU_IRQHandler
                0x08000694                OTG_HS_WKUP_IRQHandler
                0x08000694                FDCAN1_IT1_IRQHandler
                0x08000694                UsageFault_Handler
                0x08000694                LTDC_ER_IRQHandler
                0x08000694                HRTIM1_TIME_IRQHandler
                0x08000694                TIM6_DAC_IRQHandler
                0x08000694                DCMI_IRQHandler
                0x08000694                HRTIM1_TIMC_IRQHandler
                0x08000694                SAI2_IRQHandler
                0x08000694                DFSDM1_FLT3_IRQHandler
                0x08000694                TIM17_IRQHandler
                0x08000694                CRYP_IRQHandler
                0x08000694                BDMA_Channel7_IRQHandler
                0x08000694                LPTIM5_IRQHandler
                0x08000694                ADC3_IRQHandler
                0x08000694                DMA2_Stream0_IRQHandler
                0x08000694                BDMA_Channel2_IRQHandler
                0x08000694                DMAMUX1_OVR_IRQHandler
                0x08000694                TIM16_IRQHandler
                0x08000694                BDMA_Channel5_IRQHandler
                0x08000694                RCC_IRQHandler
                0x08000694                TIM8_BRK_TIM12_IRQHandler
                0x08000694                TIM1_TRG_COM_IRQHandler
                0x08000694                Default_Handler
                0x08000694                ECC_IRQHandler
                0x08000694                CEC_IRQHandler
                0x08000694                EXTI15_10_IRQHandler
                0x08000694                BDMA_Channel0_IRQHandler
                0x08000694                ADC_IRQHandler
                0x08000694                DMA1_Stream7_IRQHandler
                0x08000694                HRTIM1_TIMA_IRQHandler
                0x08000694                TIM7_IRQHandler
                0x08000694                SDMMC1_IRQHandler
                0x08000694                DMA2_Stream7_IRQHandler
                0x08000694                TIM15_IRQHandler
                0x08000694                PVD_AVD_IRQHandler
                0x08000694                EXTI9_5_IRQHandler
                0x08000694                RTC_WKUP_IRQHandler
                0x08000694                LTDC_IRQHandler
                0x08000694                SAI3_IRQHandler
                0x08000694                ETH_WKUP_IRQHandler
                0x08000694                SPDIF_RX_IRQHandler
                0x08000694                MemManage_Handler
                0x08000694                SVC_Handler
                0x08000694                CRS_IRQHandler
                0x08000694                EXTI4_IRQHandler
                0x08000694                HRTIM1_TIMB_IRQHandler
                0x08000694                FDCAN2_IT1_IRQHandler
                0x08000694                ETH_IRQHandler
                0x08000694                TIM1_UP_IRQHandler
                0x08000694                BDMA_Channel4_IRQHandler
                0x08000694                WWDG_IRQHandler
                0x08000694                SPI6_IRQHandler
                0x08000694                I2C4_EV_IRQHandler
                0x08000694                MDIOS_IRQHandler
                0x08000694                FDCAN2_IT0_IRQHandler
                0x08000694                FDCAN1_IT0_IRQHandler
                0x08000694                OTG_FS_WKUP_IRQHandler
                0x08000694                DMA2D_IRQHandler
                0x08000694                TIM1_BRK_IRQHandler
                0x08000694                EXTI1_IRQHandler
                0x08000694                SDMMC2_IRQHandler
                0x08000694                BDMA_Channel3_IRQHandler
                0x08000694                MDIOS_WKUP_IRQHandler
                0x08000694                DFSDM1_FLT0_IRQHandler
                0x08000694                SAI4_IRQHandler
                0x08000694                I2C2_ER_IRQHandler
                0x08000694                DMA2_Stream1_IRQHandler
                0x08000694                FLASH_IRQHandler
                0x08000694                BusFault_Handler
                0x08000694                WAKEUP_PIN_IRQHandler
                0x08000694                I2C1_ER_IRQHandler
                0x08000694                FMC_IRQHandler
                0x08000694                FDCAN_CAL_IRQHandler
                0x08000694                SWPMI1_IRQHandler
                0x08000694                COMP1_IRQHandler
                0x08000694                LPTIM1_IRQHandler
                0x08000694                I2C4_ER_IRQHandler
                0x08000694                DMA2_Stream6_IRQHandler
                0x08000694                SAI1_IRQHandler
 .text.Reset_Handler
                0x080006a0       0x44 build/startup_stm32h750xx.o
                0x080006a0                Reset_Handler
 .text._ZN5daisy9DaisySeedD2Ev
                0x080006e4        0x4 build/main.o
                0x080006e4                daisy::DaisySeed::~DaisySeed()
                0x080006e4                daisy::DaisySeed::~DaisySeed()
 .text._ZN5daisy11MidiHandlerINS_16MidiUsbTransportEED2Ev
                0x080006e8        0x4 build/main.o
                0x080006e8                daisy::MidiHandler<daisy::MidiUsbTransport>::~MidiHandler()
                0x080006e8                daisy::MidiHandler<daisy::MidiUsbTransport>::~MidiHandler()
 .text._Z8InitGPIOv
                0x080006ec       0xa4 build/main.o
                0x080006ec                InitGPIO()
 .text.startup.main
                0x08000790      0x274 build/main.o
                0x08000790                main
 .text.startup._GLOBAL__sub_I_hw
                0x08000a04      0x108 build/main.o
 .text._ZN5daisy9DaisySeed9ConfigureEv
                0x08000b0c        0x4 ../libDaisy/build\libdaisy.a(daisy_seed.o)
                0x08000b0c                daisy::DaisySeed::Configure()
 .text._ZN5daisy9DaisySeed6GetPinEh
                0x08000b10       0x2c ../libDaisy/build\libdaisy.a(daisy_seed.o)
                0x08000b10                daisy::DaisySeed::GetPin(unsigned char)
 .text._ZN5daisy9DaisySeed7DelayMsEj
                0x08000b3c        0x8 ../libDaisy/build\libdaisy.a(daisy_seed.o)
                0x08000b3c                daisy::DaisySeed::DelayMs(unsigned int)
 .text._ZN5daisy9DaisySeed17CheckBoardVersionEv
                0x08000b44       0x6c ../libDaisy/build\libdaisy.a(daisy_seed.o)
                0x08000b44                daisy::DaisySeed::CheckBoardVersion()
 .text._ZN5daisy9DaisySeed14ConfigureAudioEv
                0x08000bb0      0x110 ../libDaisy/build\libdaisy.a(daisy_seed.o)
                0x08000bb0                daisy::DaisySeed::ConfigureAudio()
 .text._ZN5daisy9DaisySeed4InitEb
                0x08000cc0      0x104 ../libDaisy/build\libdaisy.a(daisy_seed.o)
                0x08000cc0                daisy::DaisySeed::Init(bool)
 .text._ZN5daisy6Ak45564InitENS_3PinE
                0x08000dc4       0x44 ../libDaisy/build\libdaisy.a(codec_ak4556.o)
                0x08000dc4                daisy::Ak4556::Init(daisy::Pin)
 .text._ZN5daisy6Wm873120WriteControlRegisterEht
                0x08000e08       0x3c ../libDaisy/build\libdaisy.a(codec_wm8731.o)
                0x08000e08                daisy::Wm8731::WriteControlRegister(unsigned char, unsigned short)
 .text._ZN5daisy6Wm87314InitERKNS0_6ConfigENS_9I2CHandleE
                0x08000e44      0x1bc ../libDaisy/build\libdaisy.a(codec_wm8731.o)
                0x08000e44                daisy::Wm8731::Init(daisy::Wm8731::Config const&, daisy::I2CHandle)
 .text._ZN11SdramHandle10DeviceInitEv
                0x08001000       0x98 ../libDaisy/build\libdaisy.a(sdram.o)
                0x08001000                SdramHandle::DeviceInit()
 .text._ZN11SdramHandle4InitEv
                0x08001098       0x7c ../libDaisy/build\libdaisy.a(sdram.o)
                0x08001098                SdramHandle::Init()
 .text.HAL_SDRAM_MspInit
                0x08001114      0x1a8 ../libDaisy/build\libdaisy.a(sdram.o)
                0x08001114                HAL_SDRAM_MspInit
 .text._ZN5daisy11AudioHandle4InitERKNS0_6ConfigENS_9SaiHandleE
                0x080012bc       0x70 ../libDaisy/build\libdaisy.a(audio.o)
                0x080012bc                daisy::AudioHandle::Init(daisy::AudioHandle::Config const&, daisy::SaiHandle)
 .text._ZNK5daisy11AudioHandle9GetConfigEv
                0x0800132c        0x8 ../libDaisy/build\libdaisy.a(audio.o)
                0x0800132c                daisy::AudioHandle::GetConfig() const
 .text._ZN5daisy11AudioHandle13GetSampleRateEv
                0x08001334        0x8 ../libDaisy/build\libdaisy.a(audio.o)
                0x08001334                daisy::AudioHandle::GetSampleRate()
 .text.startup._GLOBAL__sub_I__ZN5daisy11AudioHandle4Impl4InitENS0_6ConfigENS_9SaiHandleE
                0x0800133c       0x24 ../libDaisy/build\libdaisy.a(audio.o)
 .text._ZN5daisy10MidiParser5ResetEv
                0x08001360        0xc ../libDaisy/build\libdaisy.a(midi_parser.o)
                0x08001360                daisy::MidiParser::Reset()
 .text._ZN5daisy16MidiUsbTransport4ImplD2Ev
                0x0800136c        0x4 ../libDaisy/build\libdaisy.a(usb_midi.o)
                0x0800136c                daisy::MidiUsbTransport::Impl::~Impl()
                0x0800136c                daisy::MidiUsbTransport::Impl::~Impl()
 .text._ZN5daisy16MidiUsbTransport4Impl15MidiToUsbSingleEPhj.part.0
                0x08001370      0x1b8 ../libDaisy/build\libdaisy.a(usb_midi.o)
 .text._ZN5daisy16MidiUsbTransport4Impl2TxEPhj
                0x08001528       0xa4 ../libDaisy/build\libdaisy.a(usb_midi.o)
                0x08001528                daisy::MidiUsbTransport::Impl::Tx(unsigned char*, unsigned int)
 .text._ZN5daisy16MidiUsbTransport4Impl5ParseEv
                0x080015cc       0x68 ../libDaisy/build\libdaisy.a(usb_midi.o)
                0x080015cc                daisy::MidiUsbTransport::Impl::Parse()
 .text._Z15ReceiveCallbackPhPm.part.0
                0x08001634       0x98 ../libDaisy/build\libdaisy.a(usb_midi.o)
 .text._Z15ReceiveCallbackPhPm
                0x080016cc       0x10 ../libDaisy/build\libdaisy.a(usb_midi.o)
                0x080016cc                ReceiveCallback(unsigned char*, unsigned long*)
 .text._ZL19HostReceiveCallbackPhjPv
                0x080016dc       0x1c ../libDaisy/build\libdaisy.a(usb_midi.o)
 .text._ZN5daisy16MidiUsbTransport4InitENS0_6ConfigE
                0x080016f8       0x78 ../libDaisy/build\libdaisy.a(usb_midi.o)
                0x080016f8                daisy::MidiUsbTransport::Init(daisy::MidiUsbTransport::Config)
 .text._ZN5daisy16MidiUsbTransport2TxEPhj
                0x08001770        0x8 ../libDaisy/build\libdaisy.a(usb_midi.o)
                0x08001770                daisy::MidiUsbTransport::Tx(unsigned char*, unsigned int)
 .text.startup._GLOBAL__sub_I__Z15ReceiveCallbackPhPm
                0x08001778       0x60 ../libDaisy/build\libdaisy.a(usb_midi.o)
 .text._ZN5daisy16AdcChannelConfig10InitSingleENS_3PinENS0_15ConversionSpeedE
                0x080017d8       0x20 ../libDaisy/build\libdaisy.a(adc.o)
                0x080017d8                daisy::AdcChannelConfig::InitSingle(daisy::Pin, daisy::AdcChannelConfig::ConversionSpeed)
 .text._ZN5daisy9AdcHandle4InitEPNS_16AdcChannelConfigEjNS0_12OverSamplingE
                0x080017f8      0x410 ../libDaisy/build\libdaisy.a(adc.o)
                0x080017f8                daisy::AdcHandle::Init(daisy::AdcChannelConfig*, unsigned int, daisy::AdcHandle::OverSampling)
 .text._ZN5daisy9AdcHandle5StartEv
                0x08001c08       0x2c ../libDaisy/build\libdaisy.a(adc.o)
                0x08001c08                daisy::AdcHandle::Start()
 .text._ZNK5daisy9AdcHandle3GetEh
                0x08001c34       0x18 ../libDaisy/build\libdaisy.a(adc.o)
                0x08001c34                daisy::AdcHandle::Get(unsigned char) const
 .text.HAL_ADC_MspInit
                0x08001c4c       0xa4 ../libDaisy/build\libdaisy.a(adc.o)
                0x08001c4c                HAL_ADC_MspInit
 .text.DMA1_Stream2_IRQHandler
                0x08001cf0        0xc ../libDaisy/build\libdaisy.a(adc.o)
                0x08001cf0                DMA1_Stream2_IRQHandler
 .text.HAL_ADC_ConvCpltCallback
                0x08001cfc      0x15c ../libDaisy/build\libdaisy.a(adc.o)
                0x08001cfc                HAL_ADC_ConvCpltCallback
 .text.HAL_ADC_ErrorCallback
                0x08001e58        0x4 ../libDaisy/build\libdaisy.a(adc.o)
                0x08001e58                HAL_ADC_ErrorCallback
 .text.startup._GLOBAL__sub_I__ZN5daisy16AdcChannelConfig10InitSingleENS_3PinENS0_15ConversionSpeedE
                0x08001e5c       0x38 ../libDaisy/build\libdaisy.a(adc.o)
 .text._ZN5daisy4GPIO4InitERKNS0_6ConfigE
                0x08001e94      0x1cc ../libDaisy/build\libdaisy.a(gpio.o)
                0x08001e94                daisy::GPIO::Init(daisy::GPIO::Config const&)
 .text._ZN5daisy4GPIO4InitEv
                0x08002060      0x1bc ../libDaisy/build\libdaisy.a(gpio.o)
                0x08002060                daisy::GPIO::Init()
 .text._ZN5daisy4GPIO4InitENS_3PinENS0_4ModeENS0_4PullENS0_5SpeedE
                0x0800221c      0x1cc ../libDaisy/build\libdaisy.a(gpio.o)
                0x0800221c                daisy::GPIO::Init(daisy::Pin, daisy::GPIO::Mode, daisy::GPIO::Pull, daisy::GPIO::Speed)
 .text._ZN5daisy4GPIO4ReadEv
                0x080023e8       0x18 ../libDaisy/build\libdaisy.a(gpio.o)
                0x080023e8                daisy::GPIO::Read()
 .text._ZN5daisy4GPIO5WriteEb
                0x08002400       0x14 ../libDaisy/build\libdaisy.a(gpio.o)
                0x08002400                daisy::GPIO::Write(bool)
 .text._ZN5daisy9I2CHandle4Impl8InitPinsEv
                0x08002414       0x70 ../libDaisy/build\libdaisy.a(i2c.o)
                0x08002414                daisy::I2CHandle::Impl::InitPins()
 .text.HAL_I2C_MspInit
                0x08002484      0x1b4 ../libDaisy/build\libdaisy.a(i2c.o)
                0x08002484                HAL_I2C_MspInit
 .text.dsy_i2c_global_init
                0x08002638       0x78 ../libDaisy/build\libdaisy.a(i2c.o)
                0x08002638                dsy_i2c_global_init
 .text.DMA1_Stream6_IRQHandler
                0x080026b0       0x34 ../libDaisy/build\libdaisy.a(i2c.o)
                0x080026b0                DMA1_Stream6_IRQHandler
 .text.I2C1_EV_IRQHandler
                0x080026e4        0xc ../libDaisy/build\libdaisy.a(i2c.o)
                0x080026e4                I2C1_EV_IRQHandler
 .text.I2C2_EV_IRQHandler
                0x080026f0        0xc ../libDaisy/build\libdaisy.a(i2c.o)
                0x080026f0                I2C2_EV_IRQHandler
 .text.I2C3_EV_IRQHandler
                0x080026fc        0xc ../libDaisy/build\libdaisy.a(i2c.o)
                0x080026fc                I2C3_EV_IRQHandler
 .text._ZN5daisy9I2CHandle4InitERKNS0_6ConfigE
                0x08002708      0x130 ../libDaisy/build\libdaisy.a(i2c.o)
                0x08002708                daisy::I2CHandle::Init(daisy::I2CHandle::Config const&)
 .text._ZN5daisy9I2CHandle16TransmitBlockingEtPhtm
                0x08002838       0x50 ../libDaisy/build\libdaisy.a(i2c.o)
                0x08002838                daisy::I2CHandle::TransmitBlocking(unsigned short, unsigned char*, unsigned short, unsigned long)
 .text.startup._GLOBAL__sub_I__ZN5daisy9I2CHandle4Impl10GlobalInitEv
                0x08002888       0x2c ../libDaisy/build\libdaisy.a(i2c.o)
 .text._ZN5daisy10QSPIHandle4Impl11WriteEnableEv
                0x080028b4       0x8c ../libDaisy/build\libdaisy.a(qspi.o)
                0x080028b4                daisy::QSPIHandle::Impl::WriteEnable()
 .text._ZN5daisy10QSPIHandle4Impl17DummyCyclesConfigENS0_6Config6DeviceE
                0x08002940      0x118 ../libDaisy/build\libdaisy.a(qspi.o)
                0x08002940                daisy::QSPIHandle::Impl::DummyCyclesConfig(daisy::QSPIHandle::Config::Device)
 .text._ZN5daisy10QSPIHandle4Impl10QuadEnableEv
                0x08002a58      0x168 ../libDaisy/build\libdaisy.a(qspi.o)
                0x08002a58                daisy::QSPIHandle::Impl::QuadEnable()
 .text._ZN5daisy10QSPIHandle4Impl21DefaultStatusRegisterEv
                0x08002bc0      0x158 ../libDaisy/build\libdaisy.a(qspi.o)
                0x08002bc0                daisy::QSPIHandle::Impl::DefaultStatusRegister()
 .text._ZN5daisy10QSPIHandle4Impl7PreInitEm
                0x08002d18      0x198 ../libDaisy/build\libdaisy.a(qspi.o)
                0x08002d18                daisy::QSPIHandle::Impl::PreInit(unsigned long)
 .text._ZN5daisy10QSPIHandle4InitERKNS0_6ConfigE
                0x08002eb0      0x1b4 ../libDaisy/build\libdaisy.a(qspi.o)
                0x08002eb0                daisy::QSPIHandle::Init(daisy::QSPIHandle::Config const&)
 .text.HAL_QSPI_MspInit
                0x08003064      0x194 ../libDaisy/build\libdaisy.a(qspi.o)
                0x08003064                HAL_QSPI_MspInit
 .text.HAL_QSPI_MspDeInit
                0x080031f8       0x7c ../libDaisy/build\libdaisy.a(qspi.o)
                0x080031f8                HAL_QSPI_MspDeInit
 .text.QUADSPI_IRQHandler
                0x08003274        0xc ../libDaisy/build\libdaisy.a(qspi.o)
                0x08003274                QUADSPI_IRQHandler
 .text.startup._GLOBAL__sub_I__ZN5daisy10QSPIHandle4Impl7PreInitEm
                0x08003280       0x40 ../libDaisy/build\libdaisy.a(qspi.o)
 .text._ZN5daisy9SaiHandle4Impl7InitDmaENS1_15PeripheralBlockE
                0x080032c0       0xa0 ../libDaisy/build\libdaisy.a(sai.o)
                0x080032c0                daisy::SaiHandle::Impl::InitDma(daisy::SaiHandle::Impl::PeripheralBlock)
 .text._ZN5daisy9SaiHandle4Impl8InitPinsEv
                0x08003360       0xbc ../libDaisy/build\libdaisy.a(sai.o)
                0x08003360                daisy::SaiHandle::Impl::InitPins()
 .text.HAL_SAI_MspInit
                0x0800341c      0x164 ../libDaisy/build\libdaisy.a(sai.o)
                0x0800341c                HAL_SAI_MspInit
 .text.DMA1_Stream0_IRQHandler
                0x08003580        0xc ../libDaisy/build\libdaisy.a(sai.o)
                0x08003580                DMA1_Stream0_IRQHandler
 .text.DMA1_Stream1_IRQHandler
                0x0800358c        0xc ../libDaisy/build\libdaisy.a(sai.o)
                0x0800358c                DMA1_Stream1_IRQHandler
 .text.DMA1_Stream3_IRQHandler
                0x08003598        0xc ../libDaisy/build\libdaisy.a(sai.o)
                0x08003598                DMA1_Stream3_IRQHandler
 .text.DMA1_Stream4_IRQHandler
                0x080035a4        0xc ../libDaisy/build\libdaisy.a(sai.o)
                0x080035a4                DMA1_Stream4_IRQHandler
 .text._ZN5daisy9SaiHandle4InitERKNS0_6ConfigE
                0x080035b0      0x1f0 ../libDaisy/build\libdaisy.a(sai.o)
                0x080035b0                daisy::SaiHandle::Init(daisy::SaiHandle::Config const&)
 .text._ZNK5daisy9SaiHandle9GetConfigEv
                0x080037a0        0x4 ../libDaisy/build\libdaisy.a(sai.o)
                0x080037a0                daisy::SaiHandle::GetConfig() const
 .text._ZN5daisy9SaiHandle13GetSampleRateEv
                0x080037a4       0x24 ../libDaisy/build\libdaisy.a(sai.o)
                0x080037a4                daisy::SaiHandle::GetSampleRate()
 .text.startup._GLOBAL__sub_I__ZN5daisy9SaiHandle4Impl4InitERKNS0_6ConfigE
                0x080037c8       0x20 ../libDaisy/build\libdaisy.a(sai.o)
 .text._ZN5daisy11TimerHandleD2Ev
                0x080037e8        0x4 ../libDaisy/build\libdaisy.a(system.o)
                0x080037e8                daisy::TimerHandle::~TimerHandle()
                0x080037e8                daisy::TimerHandle::~TimerHandle()
 .text.SysTick_Handler
                0x080037ec       0x10 ../libDaisy/build\libdaisy.a(system.o)
                0x080037ec                SysTick_Handler
 .text.OTG_HS_EP1_OUT_IRQHandler
                0x080037fc       0x24 ../libDaisy/build\libdaisy.a(system.o)
                0x080037fc                OTG_HS_EP1_OUT_IRQHandler
 .text.OTG_HS_EP1_IN_IRQHandler
                0x08003820       0x24 ../libDaisy/build\libdaisy.a(system.o)
                0x08003820                OTG_HS_EP1_IN_IRQHandler
 .text.OTG_HS_IRQHandler
                0x08003844       0x24 ../libDaisy/build\libdaisy.a(system.o)
                0x08003844                OTG_HS_IRQHandler
 .text.HardFault_Handler
                0x08003868       0xe0 ../libDaisy/build\libdaisy.a(system.o)
                0x08003868                HardFault_Handler
 .text._ZN5daisy6System5DelayEm
                0x08003948        0x4 ../libDaisy/build\libdaisy.a(system.o)
                0x08003948                daisy::System::Delay(unsigned long)
 .text._ZN5daisy6System7DelayUsEm
                0x0800394c        0xc ../libDaisy/build\libdaisy.a(system.o)
                0x0800394c                daisy::System::DelayUs(unsigned long)
 .text._ZN5daisy6System20GetBootloaderVersionEv
                0x08003958       0x34 ../libDaisy/build\libdaisy.a(system.o)
                0x08003958                daisy::System::GetBootloaderVersion()
 *fill*         0x0800398c        0x4 
 .text._ZN5daisy6System15ConfigureClocksEv
                0x08003990      0x1a4 ../libDaisy/build\libdaisy.a(system.o)
                0x08003990                daisy::System::ConfigureClocks()
 .text._ZN5daisy6System12ConfigureMpuEv
                0x08003b34       0x7c ../libDaisy/build\libdaisy.a(system.o)
                0x08003b34                daisy::System::ConfigureMpu()
 .text._ZN5daisy6System4InitERKNS0_6ConfigE
                0x08003bb0       0xf8 ../libDaisy/build\libdaisy.a(system.o)
                0x08003bb0                daisy::System::Init(daisy::System::Config const&)
 .text._ZN5daisy6System12GetPClk1FreqEv
                0x08003ca8        0x4 ../libDaisy/build\libdaisy.a(system.o)
                0x08003ca8                daisy::System::GetPClk1Freq()
 .text._ZN5daisy6System22GetProgramMemoryRegionEv
                0x08003cac       0x78 ../libDaisy/build\libdaisy.a(system.o)
                0x08003cac                daisy::System::GetProgramMemoryRegion()
 .text.startup._GLOBAL__sub_I__ZN5daisy9boot_infoE
                0x08003d24       0x1c ../libDaisy/build\libdaisy.a(system.o)
 .text.SystemInit
                0x08003d40       0x9c ../libDaisy/build\libdaisy.a(system_stm32h7xx.o)
                0x08003d40                SystemInit
 .text.HAL_PCD_MspInit
                0x08003ddc      0x144 ../libDaisy/build\libdaisy.a(usbd_conf.o)
                0x08003ddc                HAL_PCD_MspInit
 .text.HAL_PCD_SetupStageCallback
                0x08003f20        0xc ../libDaisy/build\libdaisy.a(usbd_conf.o)
                0x08003f20                HAL_PCD_SetupStageCallback
 .text.HAL_PCD_DataOutStageCallback
                0x08003f2c       0x14 ../libDaisy/build\libdaisy.a(usbd_conf.o)
                0x08003f2c                HAL_PCD_DataOutStageCallback
 .text.HAL_PCD_DataInStageCallback
                0x08003f40       0x14 ../libDaisy/build\libdaisy.a(usbd_conf.o)
                0x08003f40                HAL_PCD_DataInStageCallback
 .text.HAL_PCD_SOFCallback
                0x08003f54        0x8 ../libDaisy/build\libdaisy.a(usbd_conf.o)
                0x08003f54                HAL_PCD_SOFCallback
 .text.HAL_PCD_ResetCallback
                0x08003f5c       0x24 ../libDaisy/build\libdaisy.a(usbd_conf.o)
                0x08003f5c                HAL_PCD_ResetCallback
 .text.HAL_PCD_SuspendCallback
                0x08003f80       0x30 ../libDaisy/build\libdaisy.a(usbd_conf.o)
                0x08003f80                HAL_PCD_SuspendCallback
 .text.HAL_PCD_ResumeCallback
                0x08003fb0        0x8 ../libDaisy/build\libdaisy.a(usbd_conf.o)
                0x08003fb0                HAL_PCD_ResumeCallback
 .text.HAL_PCD_ISOOUTIncompleteCallback
                0x08003fb8        0x8 ../libDaisy/build\libdaisy.a(usbd_conf.o)
                0x08003fb8                HAL_PCD_ISOOUTIncompleteCallback
 .text.HAL_PCD_ISOINIncompleteCallback
                0x08003fc0        0x8 ../libDaisy/build\libdaisy.a(usbd_conf.o)
                0x08003fc0                HAL_PCD_ISOINIncompleteCallback
 .text.HAL_PCD_ConnectCallback
                0x08003fc8        0x8 ../libDaisy/build\libdaisy.a(usbd_conf.o)
                0x08003fc8                HAL_PCD_ConnectCallback
 .text.HAL_PCD_DisconnectCallback
                0x08003fd0        0x8 ../libDaisy/build\libdaisy.a(usbd_conf.o)
                0x08003fd0                HAL_PCD_DisconnectCallback
 .text.USBD_LL_Init
                0x08003fd8       0xe4 ../libDaisy/build\libdaisy.a(usbd_conf.o)
                0x08003fd8                USBD_LL_Init
 .text.USBD_LL_Start
                0x080040bc       0x1c ../libDaisy/build\libdaisy.a(usbd_conf.o)
                0x080040bc                USBD_LL_Start
 .text.USBD_LL_OpenEP
                0x080040d8       0x24 ../libDaisy/build\libdaisy.a(usbd_conf.o)
                0x080040d8                USBD_LL_OpenEP
 .text.USBD_LL_CloseEP
                0x080040fc       0x1c ../libDaisy/build\libdaisy.a(usbd_conf.o)
                0x080040fc                USBD_LL_CloseEP
 .text.USBD_LL_StallEP
                0x08004118       0x1c ../libDaisy/build\libdaisy.a(usbd_conf.o)
                0x08004118                USBD_LL_StallEP
 .text.USBD_LL_ClearStallEP
                0x08004134       0x1c ../libDaisy/build\libdaisy.a(usbd_conf.o)
                0x08004134                USBD_LL_ClearStallEP
 .text.USBD_LL_IsStallEP
                0x08004150       0x28 ../libDaisy/build\libdaisy.a(usbd_conf.o)
                0x08004150                USBD_LL_IsStallEP
 .text.USBD_LL_SetUSBAddress
                0x08004178       0x1c ../libDaisy/build\libdaisy.a(usbd_conf.o)
                0x08004178                USBD_LL_SetUSBAddress
 .text.USBD_LL_Transmit
                0x08004194       0x1c ../libDaisy/build\libdaisy.a(usbd_conf.o)
                0x08004194                USBD_LL_Transmit
 .text.USBD_LL_PrepareReceive
                0x080041b0       0x1c ../libDaisy/build\libdaisy.a(usbd_conf.o)
                0x080041b0                USBD_LL_PrepareReceive
 .text.USBD_LL_GetRxDataSize
                0x080041cc        0x8 ../libDaisy/build\libdaisy.a(usbd_conf.o)
                0x080041cc                USBD_LL_GetRxDataSize
 .text.HAL_HCD_SOF_Callback
                0x080041d4        0x8 ../libDaisy/build\libdaisy.a(usbh_conf.o)
                0x080041d4                HAL_HCD_SOF_Callback
 .text.HAL_HCD_Connect_Callback
                0x080041dc        0x8 ../libDaisy/build\libdaisy.a(usbh_conf.o)
                0x080041dc                HAL_HCD_Connect_Callback
 .text.HAL_HCD_Disconnect_Callback
                0x080041e4        0x8 ../libDaisy/build\libdaisy.a(usbh_conf.o)
                0x080041e4                HAL_HCD_Disconnect_Callback
 .text.HAL_HCD_HC_NotifyURBChange_Callback
                0x080041ec        0x4 ../libDaisy/build\libdaisy.a(usbh_conf.o)
                0x080041ec                HAL_HCD_HC_NotifyURBChange_Callback
 .text.HAL_HCD_PortEnabled_Callback
                0x080041f0        0x8 ../libDaisy/build\libdaisy.a(usbh_conf.o)
                0x080041f0                HAL_HCD_PortEnabled_Callback
 .text.HAL_HCD_PortDisabled_Callback
                0x080041f8        0x8 ../libDaisy/build\libdaisy.a(usbh_conf.o)
                0x080041f8                HAL_HCD_PortDisabled_Callback
 .text.USBH_LL_Stop
                0x08004200       0x1c ../libDaisy/build\libdaisy.a(usbh_conf.o)
                0x08004200                USBH_LL_Stop
 .text.USBH_LL_SubmitURB
                0x0800421c       0x38 ../libDaisy/build\libdaisy.a(usbh_conf.o)
                0x0800421c                USBH_LL_SubmitURB
 .text.USBH_LL_GetURBState
                0x08004254        0x8 ../libDaisy/build\libdaisy.a(usbh_conf.o)
                0x08004254                USBH_LL_GetURBState
 .text.USBH_Delay
                0x0800425c        0x4 ../libDaisy/build\libdaisy.a(usbh_conf.o)
                0x0800425c                USBH_Delay
 .text.HAL_MspInit
                0x08004260        0x4 ../libDaisy/build\libdaisy.a(stm32h7xx_hal.o)
                0x08004260                HAL_MspInit
 .text.HAL_InitTick
                0x08004264       0x4c ../libDaisy/build\libdaisy.a(stm32h7xx_hal.o)
                0x08004264                HAL_InitTick
 .text.HAL_Init
                0x080042b0       0x60 ../libDaisy/build\libdaisy.a(stm32h7xx_hal.o)
                0x080042b0                HAL_Init
 .text.HAL_IncTick
                0x08004310       0x18 ../libDaisy/build\libdaisy.a(stm32h7xx_hal.o)
                0x08004310                HAL_IncTick
 .text.HAL_GetTick
                0x08004328        0xc ../libDaisy/build\libdaisy.a(stm32h7xx_hal.o)
                0x08004328                HAL_GetTick
 .text.HAL_Delay
                0x08004334       0x24 ../libDaisy/build\libdaisy.a(stm32h7xx_hal.o)
                0x08004334                HAL_Delay
 .text.HAL_GetREVID
                0x08004358        0xc ../libDaisy/build\libdaisy.a(stm32h7xx_hal.o)
                0x08004358                HAL_GetREVID
 .text.HAL_ADC_ConvHalfCpltCallback
                0x08004364        0x4 ../libDaisy/build\libdaisy.a(stm32h7xx_hal_adc.o)
                0x08004364                HAL_ADC_ConvHalfCpltCallback
 .text.ADC_DMAHalfConvCplt
                0x08004368        0xc ../libDaisy/build\libdaisy.a(stm32h7xx_hal_adc.o)
                0x08004368                ADC_DMAHalfConvCplt
 .text.ADC_DMAConvCplt
                0x08004374       0x6c ../libDaisy/build\libdaisy.a(stm32h7xx_hal_adc.o)
                0x08004374                ADC_DMAConvCplt
 .text.ADC_DMAError
                0x080043e0       0x1c ../libDaisy/build\libdaisy.a(stm32h7xx_hal_adc.o)
                0x080043e0                ADC_DMAError
 .text.HAL_ADC_ConfigChannel
                0x080043fc      0x440 ../libDaisy/build\libdaisy.a(stm32h7xx_hal_adc.o)
                0x080043fc                HAL_ADC_ConfigChannel
 .text.ADC_Enable
                0x0800483c       0xac ../libDaisy/build\libdaisy.a(stm32h7xx_hal_adc.o)
                0x0800483c                ADC_Enable
 .text.HAL_ADC_Start_DMA
                0x080048e8      0x124 ../libDaisy/build\libdaisy.a(stm32h7xx_hal_adc.o)
                0x080048e8                HAL_ADC_Start_DMA
 .text.ADC_Disable
                0x08004a0c       0x74 ../libDaisy/build\libdaisy.a(stm32h7xx_hal_adc.o)
                0x08004a0c                ADC_Disable
 .text.ADC_ConfigureBoostMode
                0x08004a80      0x17c ../libDaisy/build\libdaisy.a(stm32h7xx_hal_adc.o)
                0x08004a80                ADC_ConfigureBoostMode
 .text.HAL_ADC_Init
                0x08004bfc      0x21c ../libDaisy/build\libdaisy.a(stm32h7xx_hal_adc.o)
                0x08004bfc                HAL_ADC_Init
 .text.HAL_ADCEx_Calibration_Start
                0x08004e18       0xa4 ../libDaisy/build\libdaisy.a(stm32h7xx_hal_adc_ex.o)
                0x08004e18                HAL_ADCEx_Calibration_Start
 .text.HAL_ADCEx_MultiModeConfigChannel
                0x08004ebc       0xd0 ../libDaisy/build\libdaisy.a(stm32h7xx_hal_adc_ex.o)
                0x08004ebc                HAL_ADCEx_MultiModeConfigChannel
 .text.HAL_NVIC_SetPriorityGrouping
                0x08004f8c       0x24 ../libDaisy/build\libdaisy.a(stm32h7xx_hal_cortex.o)
                0x08004f8c                HAL_NVIC_SetPriorityGrouping
 .text.HAL_NVIC_SetPriority
                0x08004fb0       0x7c ../libDaisy/build\libdaisy.a(stm32h7xx_hal_cortex.o)
                0x08004fb0                HAL_NVIC_SetPriority
 .text.HAL_NVIC_EnableIRQ
                0x0800502c       0x1c ../libDaisy/build\libdaisy.a(stm32h7xx_hal_cortex.o)
                0x0800502c                HAL_NVIC_EnableIRQ
 .text.HAL_NVIC_DisableIRQ
                0x08005048       0x28 ../libDaisy/build\libdaisy.a(stm32h7xx_hal_cortex.o)
                0x08005048                HAL_NVIC_DisableIRQ
 .text.HAL_SYSTICK_Config
                0x08005070       0x2c ../libDaisy/build\libdaisy.a(stm32h7xx_hal_cortex.o)
                0x08005070                HAL_SYSTICK_Config
 .text.HAL_MPU_Disable
                0x0800509c       0x1c ../libDaisy/build\libdaisy.a(stm32h7xx_hal_cortex.o)
                0x0800509c                HAL_MPU_Disable
 .text.HAL_MPU_Enable
                0x080050b8       0x20 ../libDaisy/build\libdaisy.a(stm32h7xx_hal_cortex.o)
                0x080050b8                HAL_MPU_Enable
 .text.HAL_MPU_ConfigRegion
                0x080050d8       0x64 ../libDaisy/build\libdaisy.a(stm32h7xx_hal_cortex.o)
                0x080050d8                HAL_MPU_ConfigRegion
 .text.HAL_SYSTICK_Callback
                0x0800513c        0x4 ../libDaisy/build\libdaisy.a(stm32h7xx_hal_cortex.o)
                0x0800513c                HAL_SYSTICK_Callback
 .text.HAL_SYSTICK_IRQHandler
                0x08005140        0x8 ../libDaisy/build\libdaisy.a(stm32h7xx_hal_cortex.o)
                0x08005140                HAL_SYSTICK_IRQHandler
 .text.DMA_CalcBaseAndBitshift
                0x08005148       0xf4 ../libDaisy/build\libdaisy.a(stm32h7xx_hal_dma.o)
 .text.DMA_CalcDMAMUXChannelBaseAndMask
                0x0800523c       0xd8 ../libDaisy/build\libdaisy.a(stm32h7xx_hal_dma.o)
 .text.HAL_DMA_Init
                0x08005314      0x4dc ../libDaisy/build\libdaisy.a(stm32h7xx_hal_dma.o)
                0x08005314                HAL_DMA_Init
 .text.HAL_DMA_Start_IT
                0x080057f0      0x344 ../libDaisy/build\libdaisy.a(stm32h7xx_hal_dma.o)
                0x080057f0                HAL_DMA_Start_IT
 .text.HAL_DMA_Abort
                0x08005b34      0x2f0 ../libDaisy/build\libdaisy.a(stm32h7xx_hal_dma.o)
                0x08005b34                HAL_DMA_Abort
 .text.HAL_DMA_Abort_IT
                0x08005e24      0x194 ../libDaisy/build\libdaisy.a(stm32h7xx_hal_dma.o)
                0x08005e24                HAL_DMA_Abort_IT
 .text.HAL_DMA_IRQHandler
                0x08005fb8      0x6a0 ../libDaisy/build\libdaisy.a(stm32h7xx_hal_dma.o)
                0x08005fb8                HAL_DMA_IRQHandler
 .text.HAL_DMA_GetError
                0x08006658        0x4 ../libDaisy/build\libdaisy.a(stm32h7xx_hal_dma.o)
                0x08006658                HAL_DMA_GetError
 .text.HAL_GPIO_Init
                0x0800665c      0x274 ../libDaisy/build\libdaisy.a(stm32h7xx_hal_gpio.o)
                0x0800665c                HAL_GPIO_Init
 .text.HAL_GPIO_DeInit
                0x080068d0      0x190 ../libDaisy/build\libdaisy.a(stm32h7xx_hal_gpio.o)
                0x080068d0                HAL_GPIO_DeInit
 .text.HAL_GPIO_ReadPin
                0x08006a60        0xc ../libDaisy/build\libdaisy.a(stm32h7xx_hal_gpio.o)
                0x08006a60                HAL_GPIO_ReadPin
 .text.HAL_GPIO_WritePin
                0x08006a6c        0x8 ../libDaisy/build\libdaisy.a(stm32h7xx_hal_gpio.o)
                0x08006a6c                HAL_GPIO_WritePin
 .text.HAL_HCD_HC_SubmitRequest
                0x08006a74       0xd4 ../libDaisy/build\libdaisy.a(stm32h7xx_hal_hcd.o)
                0x08006a74                HAL_HCD_HC_SubmitRequest
 .text.HAL_HCD_IRQHandler
                0x08006b48      0x8f4 ../libDaisy/build\libdaisy.a(stm32h7xx_hal_hcd.o)
                0x08006b48                HAL_HCD_IRQHandler
 .text.HAL_HCD_Stop
                0x0800743c       0x28 ../libDaisy/build\libdaisy.a(stm32h7xx_hal_hcd.o)
                0x0800743c                HAL_HCD_Stop
 .text.HAL_HCD_HC_GetURBState
                0x08007464        0xc ../libDaisy/build\libdaisy.a(stm32h7xx_hal_hcd.o)
                0x08007464                HAL_HCD_HC_GetURBState
 .text.I2C_WaitOnTXISFlagUntilTimeout
                0x08007470      0x16c ../libDaisy/build\libdaisy.a(stm32h7xx_hal_i2c.o)
 .text.I2C_WaitOnSTOPFlagUntilTimeout
                0x080075dc      0x168 ../libDaisy/build\libdaisy.a(stm32h7xx_hal_i2c.o)
 .text.HAL_I2C_Init
                0x08007744       0xac ../libDaisy/build\libdaisy.a(stm32h7xx_hal_i2c.o)
                0x08007744                HAL_I2C_Init
 .text.HAL_I2C_Master_Transmit
                0x080077f0      0x37c ../libDaisy/build\libdaisy.a(stm32h7xx_hal_i2c.o)
                0x080077f0                HAL_I2C_Master_Transmit
 .text.HAL_I2C_Slave_Transmit
                0x08007b6c      0x254 ../libDaisy/build\libdaisy.a(stm32h7xx_hal_i2c.o)
                0x08007b6c                HAL_I2C_Slave_Transmit
 .text.HAL_I2C_EV_IRQHandler
                0x08007dc0       0x10 ../libDaisy/build\libdaisy.a(stm32h7xx_hal_i2c.o)
                0x08007dc0                HAL_I2C_EV_IRQHandler
 .text.HAL_I2C_GetState
                0x08007dd0        0x8 ../libDaisy/build\libdaisy.a(stm32h7xx_hal_i2c.o)
                0x08007dd0                HAL_I2C_GetState
 .text.HAL_I2CEx_ConfigAnalogFilter
                0x08007dd8       0x54 ../libDaisy/build\libdaisy.a(stm32h7xx_hal_i2c_ex.o)
                0x08007dd8                HAL_I2CEx_ConfigAnalogFilter
 .text.HAL_I2CEx_ConfigDigitalFilter
                0x08007e2c       0x58 ../libDaisy/build\libdaisy.a(stm32h7xx_hal_i2c_ex.o)
                0x08007e2c                HAL_I2CEx_ConfigDigitalFilter
 .text.HAL_PCD_Init
                0x08007e84      0x11c ../libDaisy/build\libdaisy.a(stm32h7xx_hal_pcd.o)
                0x08007e84                HAL_PCD_Init
 .text.HAL_PCD_Start
                0x08007fa0       0x44 ../libDaisy/build\libdaisy.a(stm32h7xx_hal_pcd.o)
                0x08007fa0                HAL_PCD_Start
 .text.HAL_PCD_IRQHandler
                0x08007fe4      0xb48 ../libDaisy/build\libdaisy.a(stm32h7xx_hal_pcd.o)
                0x08007fe4                HAL_PCD_IRQHandler
 .text.HAL_PCD_SetAddress
                0x08008b2c       0x2c ../libDaisy/build\libdaisy.a(stm32h7xx_hal_pcd.o)
                0x08008b2c                HAL_PCD_SetAddress
 .text.HAL_PCD_EP_Open
                0x08008b58       0x7c ../libDaisy/build\libdaisy.a(stm32h7xx_hal_pcd.o)
                0x08008b58                HAL_PCD_EP_Open
 .text.HAL_PCD_EP_Close
                0x08008bd4       0x6c ../libDaisy/build\libdaisy.a(stm32h7xx_hal_pcd.o)
                0x08008bd4                HAL_PCD_EP_Close
 .text.HAL_PCD_EP_Receive
                0x08008c40       0x44 ../libDaisy/build\libdaisy.a(stm32h7xx_hal_pcd.o)
                0x08008c40                HAL_PCD_EP_Receive
 .text.HAL_PCD_EP_GetRxCount
                0x08008c84       0x14 ../libDaisy/build\libdaisy.a(stm32h7xx_hal_pcd.o)
                0x08008c84                HAL_PCD_EP_GetRxCount
 .text.HAL_PCD_EP_Transmit
                0x08008c98       0x44 ../libDaisy/build\libdaisy.a(stm32h7xx_hal_pcd.o)
                0x08008c98                HAL_PCD_EP_Transmit
 .text.HAL_PCD_EP_SetStall
                0x08008cdc       0x88 ../libDaisy/build\libdaisy.a(stm32h7xx_hal_pcd.o)
                0x08008cdc                HAL_PCD_EP_SetStall
 .text.HAL_PCD_EP_ClrStall
                0x08008d64       0x78 ../libDaisy/build\libdaisy.a(stm32h7xx_hal_pcd.o)
                0x08008d64                HAL_PCD_EP_ClrStall
 .text.HAL_PCDEx_SetTxFiFo
                0x08008ddc       0x54 ../libDaisy/build\libdaisy.a(stm32h7xx_hal_pcd_ex.o)
                0x08008ddc                HAL_PCDEx_SetTxFiFo
 .text.HAL_PCDEx_SetRxFiFo
                0x08008e30        0xc ../libDaisy/build\libdaisy.a(stm32h7xx_hal_pcd_ex.o)
                0x08008e30                HAL_PCDEx_SetRxFiFo
 .text.HAL_PCDEx_ActivateLPM
                0x08008e3c       0x30 ../libDaisy/build\libdaisy.a(stm32h7xx_hal_pcd_ex.o)
                0x08008e3c                HAL_PCDEx_ActivateLPM
 .text.HAL_PCDEx_LPM_Callback
                0x08008e6c        0x4 ../libDaisy/build\libdaisy.a(stm32h7xx_hal_pcd_ex.o)
                0x08008e6c                HAL_PCDEx_LPM_Callback
 .text.HAL_PWREx_ConfigSupply
                0x08008e70       0x48 ../libDaisy/build\libdaisy.a(stm32h7xx_hal_pwr_ex.o)
                0x08008e70                HAL_PWREx_ConfigSupply
 .text.HAL_PWREx_EnableUSBVoltageDetector
                0x08008eb8       0x10 ../libDaisy/build\libdaisy.a(stm32h7xx_hal_pwr_ex.o)
                0x08008eb8                HAL_PWREx_EnableUSBVoltageDetector
 .text.QSPI_Config
                0x08008ec8      0x174 ../libDaisy/build\libdaisy.a(stm32h7xx_hal_qspi.o)
 .text.HAL_QSPI_Init
                0x0800903c       0xb8 ../libDaisy/build\libdaisy.a(stm32h7xx_hal_qspi.o)
                0x0800903c                HAL_QSPI_Init
 .text.HAL_QSPI_DeInit
                0x080090f4       0x24 ../libDaisy/build\libdaisy.a(stm32h7xx_hal_qspi.o)
                0x080090f4                HAL_QSPI_DeInit
 .text.HAL_QSPI_Command
                0x08009118       0xd4 ../libDaisy/build\libdaisy.a(stm32h7xx_hal_qspi.o)
                0x08009118                HAL_QSPI_Command
 .text.HAL_QSPI_Transmit
                0x080091ec       0xfc ../libDaisy/build\libdaisy.a(stm32h7xx_hal_qspi.o)
                0x080091ec                HAL_QSPI_Transmit
 .text.HAL_QSPI_Receive
                0x080092e8      0x108 ../libDaisy/build\libdaisy.a(stm32h7xx_hal_qspi.o)
                0x080092e8                HAL_QSPI_Receive
 .text.HAL_QSPI_AutoPolling
                0x080093f0       0xf0 ../libDaisy/build\libdaisy.a(stm32h7xx_hal_qspi.o)
                0x080093f0                HAL_QSPI_AutoPolling
 .text.HAL_QSPI_MemoryMapped
                0x080094e0       0xc0 ../libDaisy/build\libdaisy.a(stm32h7xx_hal_qspi.o)
                0x080094e0                HAL_QSPI_MemoryMapped
 .text.HAL_QSPI_ErrorCallback
                0x080095a0        0x4 ../libDaisy/build\libdaisy.a(stm32h7xx_hal_qspi.o)
                0x080095a0                HAL_QSPI_ErrorCallback
 .text.QSPI_DMAAbortCplt
                0x080095a4       0x38 ../libDaisy/build\libdaisy.a(stm32h7xx_hal_qspi.o)
 .text.HAL_QSPI_AbortCpltCallback
                0x080095dc        0x4 ../libDaisy/build\libdaisy.a(stm32h7xx_hal_qspi.o)
                0x080095dc                HAL_QSPI_AbortCpltCallback
 .text.HAL_QSPI_CmdCpltCallback
                0x080095e0        0x4 ../libDaisy/build\libdaisy.a(stm32h7xx_hal_qspi.o)
                0x080095e0                HAL_QSPI_CmdCpltCallback
 .text.HAL_QSPI_RxCpltCallback
                0x080095e4        0x4 ../libDaisy/build\libdaisy.a(stm32h7xx_hal_qspi.o)
                0x080095e4                HAL_QSPI_RxCpltCallback
 .text.HAL_QSPI_TxCpltCallback
                0x080095e8        0x4 ../libDaisy/build\libdaisy.a(stm32h7xx_hal_qspi.o)
                0x080095e8                HAL_QSPI_TxCpltCallback
 .text.HAL_QSPI_FifoThresholdCallback
                0x080095ec        0x4 ../libDaisy/build\libdaisy.a(stm32h7xx_hal_qspi.o)
                0x080095ec                HAL_QSPI_FifoThresholdCallback
 .text.HAL_QSPI_StatusMatchCallback
                0x080095f0        0x4 ../libDaisy/build\libdaisy.a(stm32h7xx_hal_qspi.o)
                0x080095f0                HAL_QSPI_StatusMatchCallback
 .text.HAL_QSPI_TimeOutCallback
                0x080095f4        0x4 ../libDaisy/build\libdaisy.a(stm32h7xx_hal_qspi.o)
                0x080095f4                HAL_QSPI_TimeOutCallback
 .text.HAL_QSPI_IRQHandler
                0x080095f8      0x210 ../libDaisy/build\libdaisy.a(stm32h7xx_hal_qspi.o)
                0x080095f8                HAL_QSPI_IRQHandler
 .text.HAL_RCC_GetSysClockFreq.part.0
                0x08009808      0x130 ../libDaisy/build\libdaisy.a(stm32h7xx_hal_rcc.o)
 .text.HAL_RCC_OscConfig
                0x08009938      0x5f4 ../libDaisy/build\libdaisy.a(stm32h7xx_hal_rcc.o)
                0x08009938                HAL_RCC_OscConfig
 .text.HAL_RCC_GetSysClockFreq
                0x08009f2c      0x140 ../libDaisy/build\libdaisy.a(stm32h7xx_hal_rcc.o)
                0x08009f2c                HAL_RCC_GetSysClockFreq
 .text.HAL_RCC_ClockConfig
                0x0800a06c      0x250 ../libDaisy/build\libdaisy.a(stm32h7xx_hal_rcc.o)
                0x0800a06c                HAL_RCC_ClockConfig
 .text.HAL_RCC_GetHCLKFreq
                0x0800a2bc       0x80 ../libDaisy/build\libdaisy.a(stm32h7xx_hal_rcc.o)
                0x0800a2bc                HAL_RCC_GetHCLKFreq
 .text.HAL_RCC_GetPCLK1Freq
                0x0800a33c       0x90 ../libDaisy/build\libdaisy.a(stm32h7xx_hal_rcc.o)
                0x0800a33c                HAL_RCC_GetPCLK1Freq
 .text.HAL_RCC_GetPCLK2Freq
                0x0800a3cc       0x90 ../libDaisy/build\libdaisy.a(stm32h7xx_hal_rcc.o)
                0x0800a3cc                HAL_RCC_GetPCLK2Freq
 .text.RCCEx_PLL2_Config
                0x0800a45c       0xf4 ../libDaisy/build\libdaisy.a(stm32h7xx_hal_rcc_ex.o)
 .text.RCCEx_PLL3_Config
                0x0800a550       0xf4 ../libDaisy/build\libdaisy.a(stm32h7xx_hal_rcc_ex.o)
 .text.HAL_RCCEx_PeriphCLKConfig
                0x0800a644      0xbf8 ../libDaisy/build\libdaisy.a(stm32h7xx_hal_rcc_ex.o)
                0x0800a644                HAL_RCCEx_PeriphCLKConfig
 .text.HAL_RCCEx_GetD3PCLK1Freq
                0x0800b23c       0x24 ../libDaisy/build\libdaisy.a(stm32h7xx_hal_rcc_ex.o)
                0x0800b23c                HAL_RCCEx_GetD3PCLK1Freq
 .text.HAL_RCCEx_GetPLL2ClockFreq
                0x0800b260      0x17c ../libDaisy/build\libdaisy.a(stm32h7xx_hal_rcc_ex.o)
                0x0800b260                HAL_RCCEx_GetPLL2ClockFreq
 .text.HAL_RCCEx_GetPLL3ClockFreq
                0x0800b3dc      0x17c ../libDaisy/build\libdaisy.a(stm32h7xx_hal_rcc_ex.o)
                0x0800b3dc                HAL_RCCEx_GetPLL3ClockFreq
 .text.HAL_RCCEx_GetPLL1ClockFreq
                0x0800b558      0x18c ../libDaisy/build\libdaisy.a(stm32h7xx_hal_rcc_ex.o)
                0x0800b558                HAL_RCCEx_GetPLL1ClockFreq
 .text.HAL_RCCEx_GetPeriphCLKFreq
                0x0800b6e4      0x390 ../libDaisy/build\libdaisy.a(stm32h7xx_hal_rcc_ex.o)
                0x0800b6e4                HAL_RCCEx_GetPeriphCLKFreq
 .text.HAL_SAI_Init.part.0
                0x0800ba74      0x390 ../libDaisy/build\libdaisy.a(stm32h7xx_hal_sai.o)
 .text.HAL_SAI_InitProtocol
                0x0800be04      0x174 ../libDaisy/build\libdaisy.a(stm32h7xx_hal_sai.o)
                0x0800be04                HAL_SAI_InitProtocol
 .text.HAL_SDRAM_Init
                0x0800bf78       0x54 ../libDaisy/build\libdaisy.a(stm32h7xx_hal_sdram.o)
                0x0800bf78                HAL_SDRAM_Init
 .text.HAL_SDRAM_SendCommand
                0x0800bfcc       0x40 ../libDaisy/build\libdaisy.a(stm32h7xx_hal_sdram.o)
                0x0800bfcc                HAL_SDRAM_SendCommand
 .text.HAL_SDRAM_ProgramRefreshRate
                0x0800c00c       0x30 ../libDaisy/build\libdaisy.a(stm32h7xx_hal_sdram.o)
                0x0800c00c                HAL_SDRAM_ProgramRefreshRate
 .text.FMC_SDRAM_Init
                0x0800c03c       0x7c ../libDaisy/build\libdaisy.a(stm32h7xx_ll_fmc.o)
                0x0800c03c                FMC_SDRAM_Init
 .text.FMC_SDRAM_Timing_Init
                0x0800c0b8       0x98 ../libDaisy/build\libdaisy.a(stm32h7xx_ll_fmc.o)
                0x0800c0b8                FMC_SDRAM_Timing_Init
 .text.FMC_SDRAM_SendCommand
                0x0800c150       0x30 ../libDaisy/build\libdaisy.a(stm32h7xx_ll_fmc.o)
                0x0800c150                FMC_SDRAM_SendCommand
 .text.FMC_SDRAM_ProgramRefreshRate
                0x0800c180       0x1c ../libDaisy/build\libdaisy.a(stm32h7xx_ll_fmc.o)
                0x0800c180                FMC_SDRAM_ProgramRefreshRate
 .text.USB_CoreInit
                0x0800c19c      0x144 ../libDaisy/build\libdaisy.a(stm32h7xx_ll_usb.o)
                0x0800c19c                USB_CoreInit
 .text.USB_SetTurnaroundTime
                0x0800c2e0       0xf4 ../libDaisy/build\libdaisy.a(stm32h7xx_ll_usb.o)
                0x0800c2e0                USB_SetTurnaroundTime
 .text.USB_EnableGlobalInt
                0x0800c3d4       0x10 ../libDaisy/build\libdaisy.a(stm32h7xx_ll_usb.o)
                0x0800c3d4                USB_EnableGlobalInt
 .text.USB_DisableGlobalInt
                0x0800c3e4       0x10 ../libDaisy/build\libdaisy.a(stm32h7xx_ll_usb.o)
                0x0800c3e4                USB_DisableGlobalInt
 .text.USB_SetCurrentMode
                0x0800c3f4       0x6c ../libDaisy/build\libdaisy.a(stm32h7xx_ll_usb.o)
                0x0800c3f4                USB_SetCurrentMode
 .text.USB_DevInit
                0x0800c460      0x230 ../libDaisy/build\libdaisy.a(stm32h7xx_ll_usb.o)
                0x0800c460                USB_DevInit
 .text.USB_FlushTxFifo
                0x0800c690       0x54 ../libDaisy/build\libdaisy.a(stm32h7xx_ll_usb.o)
                0x0800c690                USB_FlushTxFifo
 .text.USB_FlushRxFifo
                0x0800c6e4       0x50 ../libDaisy/build\libdaisy.a(stm32h7xx_ll_usb.o)
                0x0800c6e4                USB_FlushRxFifo
 .text.USB_GetDevSpeed
                0x0800c734       0x18 ../libDaisy/build\libdaisy.a(stm32h7xx_ll_usb.o)
                0x0800c734                USB_GetDevSpeed
 .text.USB_ActivateEndpoint
                0x0800c74c       0x90 ../libDaisy/build\libdaisy.a(stm32h7xx_ll_usb.o)
                0x0800c74c                USB_ActivateEndpoint
 .text.USB_DeactivateEndpoint
                0x0800c7dc       0xbc ../libDaisy/build\libdaisy.a(stm32h7xx_ll_usb.o)
                0x0800c7dc                USB_DeactivateEndpoint
 .text.USB_EPStartXfer
                0x0800c898      0x288 ../libDaisy/build\libdaisy.a(stm32h7xx_ll_usb.o)
                0x0800c898                USB_EPStartXfer
 .text.USB_EPStopXfer
                0x0800cb20       0x88 ../libDaisy/build\libdaisy.a(stm32h7xx_ll_usb.o)
                0x0800cb20                USB_EPStopXfer
 .text.USB_WritePacket
                0x0800cba8       0x2c ../libDaisy/build\libdaisy.a(stm32h7xx_ll_usb.o)
                0x0800cba8                USB_WritePacket
 .text.USB_ReadPacket
                0x0800cbd4       0x4c ../libDaisy/build\libdaisy.a(stm32h7xx_ll_usb.o)
                0x0800cbd4                USB_ReadPacket
 .text.USB_EPSetStall
                0x0800cc20       0x68 ../libDaisy/build\libdaisy.a(stm32h7xx_ll_usb.o)
                0x0800cc20                USB_EPSetStall
 .text.USB_EPClearStall
                0x0800cc88       0x58 ../libDaisy/build\libdaisy.a(stm32h7xx_ll_usb.o)
                0x0800cc88                USB_EPClearStall
 .text.USB_SetDevAddress
                0x0800cce0       0x24 ../libDaisy/build\libdaisy.a(stm32h7xx_ll_usb.o)
                0x0800cce0                USB_SetDevAddress
 .text.USB_DevConnect
                0x0800cd04       0x20 ../libDaisy/build\libdaisy.a(stm32h7xx_ll_usb.o)
                0x0800cd04                USB_DevConnect
 .text.USB_DevDisconnect
                0x0800cd24       0x20 ../libDaisy/build\libdaisy.a(stm32h7xx_ll_usb.o)
                0x0800cd24                USB_DevDisconnect
 .text.USB_ReadInterrupts
                0x0800cd44        0x8 ../libDaisy/build\libdaisy.a(stm32h7xx_ll_usb.o)
                0x0800cd44                USB_ReadInterrupts
 .text.USB_ReadChInterrupts
                0x0800cd4c       0x10 ../libDaisy/build\libdaisy.a(stm32h7xx_ll_usb.o)
                0x0800cd4c                USB_ReadChInterrupts
 .text.USB_ReadDevAllOutEpInterrupt
                0x0800cd5c       0x10 ../libDaisy/build\libdaisy.a(stm32h7xx_ll_usb.o)
                0x0800cd5c                USB_ReadDevAllOutEpInterrupt
 .text.USB_ReadDevAllInEpInterrupt
                0x0800cd6c       0x10 ../libDaisy/build\libdaisy.a(stm32h7xx_ll_usb.o)
                0x0800cd6c                USB_ReadDevAllInEpInterrupt
 .text.USB_ReadDevOutEPInterrupt
                0x0800cd7c       0x14 ../libDaisy/build\libdaisy.a(stm32h7xx_ll_usb.o)
                0x0800cd7c                USB_ReadDevOutEPInterrupt
 .text.USB_ReadDevInEPInterrupt
                0x0800cd90       0x20 ../libDaisy/build\libdaisy.a(stm32h7xx_ll_usb.o)
                0x0800cd90                USB_ReadDevInEPInterrupt
 .text.USB_GetMode
                0x0800cdb0        0x8 ../libDaisy/build\libdaisy.a(stm32h7xx_ll_usb.o)
                0x0800cdb0                USB_GetMode
 .text.USB_ActivateSetup
                0x0800cdb8       0x2c ../libDaisy/build\libdaisy.a(stm32h7xx_ll_usb.o)
                0x0800cdb8                USB_ActivateSetup
 .text.USB_EP0_OutStart
                0x0800cde4       0x58 ../libDaisy/build\libdaisy.a(stm32h7xx_ll_usb.o)
                0x0800cde4                USB_EP0_OutStart
 .text.USB_InitFSLSPClkSel
                0x0800ce3c       0x44 ../libDaisy/build\libdaisy.a(stm32h7xx_ll_usb.o)
                0x0800ce3c                USB_InitFSLSPClkSel
 .text.USB_HC_StartXfer
                0x0800ce80      0x17c ../libDaisy/build\libdaisy.a(stm32h7xx_ll_usb.o)
                0x0800ce80                USB_HC_StartXfer
 .text.USB_HC_ReadInterrupt
                0x0800cffc        0x8 ../libDaisy/build\libdaisy.a(stm32h7xx_ll_usb.o)
                0x0800cffc                USB_HC_ReadInterrupt
 .text.USB_HC_Halt
                0x0800d004       0xe4 ../libDaisy/build\libdaisy.a(stm32h7xx_ll_usb.o)
                0x0800d004                USB_HC_Halt
 .text.USB_StopHost
                0x0800d0e8      0x1e4 ../libDaisy/build\libdaisy.a(stm32h7xx_ll_usb.o)
                0x0800d0e8                USB_StopHost
 .text.USBD_Init
                0x0800d2cc       0x48 ../libDaisy/build\libdaisy.a(usbd_core.o)
                0x0800d2cc                USBD_Init
 .text.USBD_RegisterClass
                0x0800d314       0x50 ../libDaisy/build\libdaisy.a(usbd_core.o)
                0x0800d314                USBD_RegisterClass
 .text.USBD_Start
                0x0800d364        0x4 ../libDaisy/build\libdaisy.a(usbd_core.o)
                0x0800d364                USBD_Start
 .text.USBD_SetClassConfig
                0x0800d368       0x10 ../libDaisy/build\libdaisy.a(usbd_core.o)
                0x0800d368                USBD_SetClassConfig
 .text.USBD_ClrClassConfig
                0x0800d378       0x14 ../libDaisy/build\libdaisy.a(usbd_core.o)
                0x0800d378                USBD_ClrClassConfig
 .text.USBD_LL_SetupStage
                0x0800d38c       0x60 ../libDaisy/build\libdaisy.a(usbd_core.o)
                0x0800d38c                USBD_LL_SetupStage
 .text.USBD_LL_DataOutStage
                0x0800d3ec       0x74 ../libDaisy/build\libdaisy.a(usbd_core.o)
                0x0800d3ec                USBD_LL_DataOutStage
 .text.USBD_LL_DataInStage
                0x0800d460       0xc0 ../libDaisy/build\libdaisy.a(usbd_core.o)
                0x0800d460                USBD_LL_DataInStage
 .text.USBD_LL_Reset
                0x0800d520       0x5c ../libDaisy/build\libdaisy.a(usbd_core.o)
                0x0800d520                USBD_LL_Reset
 .text.USBD_LL_SetSpeed
                0x0800d57c        0x8 ../libDaisy/build\libdaisy.a(usbd_core.o)
                0x0800d57c                USBD_LL_SetSpeed
 .text.USBD_LL_Suspend
                0x0800d584       0x20 ../libDaisy/build\libdaisy.a(usbd_core.o)
                0x0800d584                USBD_LL_Suspend
 .text.USBD_LL_Resume
                0x0800d5a4       0x18 ../libDaisy/build\libdaisy.a(usbd_core.o)
                0x0800d5a4                USBD_LL_Resume
 .text.USBD_LL_SOF
                0x0800d5bc       0x20 ../libDaisy/build\libdaisy.a(usbd_core.o)
                0x0800d5bc                USBD_LL_SOF
 .text.USBD_LL_IsoINIncomplete
                0x0800d5dc       0x2c ../libDaisy/build\libdaisy.a(usbd_core.o)
                0x0800d5dc                USBD_LL_IsoINIncomplete
 .text.USBD_LL_IsoOUTIncomplete
                0x0800d608       0x2c ../libDaisy/build\libdaisy.a(usbd_core.o)
                0x0800d608                USBD_LL_IsoOUTIncomplete
 .text.USBD_LL_DevConnected
                0x0800d634        0x4 ../libDaisy/build\libdaisy.a(usbd_core.o)
                0x0800d634                USBD_LL_DevConnected
 .text.USBD_LL_DevDisconnected
                0x0800d638       0x24 ../libDaisy/build\libdaisy.a(usbd_core.o)
                0x0800d638                USBD_LL_DevDisconnected
 .text.USBD_CoreFindIF
                0x0800d65c        0x4 ../libDaisy/build\libdaisy.a(usbd_core.o)
                0x0800d65c                USBD_CoreFindIF
 .text.USBD_CoreFindEP
                0x0800d660        0x4 ../libDaisy/build\libdaisy.a(usbd_core.o)
                0x0800d660                USBD_CoreFindEP
 .text.USBD_StdDevReq
                0x0800d664      0x360 ../libDaisy/build\libdaisy.a(usbd_ctlreq.o)
                0x0800d664                USBD_StdDevReq
 .text.USBD_StdItfReq
                0x0800d9c4       0x84 ../libDaisy/build\libdaisy.a(usbd_ctlreq.o)
                0x0800d9c4                USBD_StdItfReq
 .text.USBD_StdEPReq
                0x0800da48      0x160 ../libDaisy/build\libdaisy.a(usbd_ctlreq.o)
                0x0800da48                USBD_StdEPReq
 .text.USBD_ParseSetupRequest
                0x0800dba8       0x18 ../libDaisy/build\libdaisy.a(usbd_ctlreq.o)
                0x0800dba8                USBD_ParseSetupRequest
 .text.USBD_CtlError
                0x0800dbc0       0x18 ../libDaisy/build\libdaisy.a(usbd_ctlreq.o)
                0x0800dbc0                USBD_CtlError
 .text.USBD_GetString
                0x0800dbd8       0x54 ../libDaisy/build\libdaisy.a(usbd_ctlreq.o)
                0x0800dbd8                USBD_GetString
 .text.USBD_CtlSendData
                0x0800dc2c       0x1c ../libDaisy/build\libdaisy.a(usbd_ioreq.o)
                0x0800dc2c                USBD_CtlSendData
 .text.USBD_CtlContinueSendData
                0x0800dc48       0x14 ../libDaisy/build\libdaisy.a(usbd_ioreq.o)
                0x0800dc48                USBD_CtlContinueSendData
 .text.USBD_CtlPrepareRx
                0x0800dc5c       0x1c ../libDaisy/build\libdaisy.a(usbd_ioreq.o)
                0x0800dc5c                USBD_CtlPrepareRx
 .text.USBD_CtlContinueRx
                0x0800dc78       0x14 ../libDaisy/build\libdaisy.a(usbd_ioreq.o)
                0x0800dc78                USBD_CtlContinueRx
 .text.USBD_CtlSendStatus
                0x0800dc8c       0x18 ../libDaisy/build\libdaisy.a(usbd_ioreq.o)
                0x0800dc8c                USBD_CtlSendStatus
 .text.USBD_CtlReceiveStatus
                0x0800dca4       0x18 ../libDaisy/build\libdaisy.a(usbd_ioreq.o)
                0x0800dca4                USBD_CtlReceiveStatus
 .text.USBH_MIDI_SetReceiveCallback
                0x0800dcbc        0xc ../libDaisy/build\libdaisy.a(usbh_midi.o)
                0x0800dcbc                USBH_MIDI_SetReceiveCallback
 .text.USBH_MIDI_Transmit
                0x0800dcc8       0x78 ../libDaisy/build\libdaisy.a(usbh_midi.o)
                0x0800dcc8                USBH_MIDI_Transmit
 .text.USBH_LL_IncTimer
                0x0800dd40       0x20 ../libDaisy/build\libdaisy.a(usbh_core.o)
                0x0800dd40                USBH_LL_IncTimer
 .text.USBH_LL_PortEnabled
                0x0800dd60        0x8 ../libDaisy/build\libdaisy.a(usbh_core.o)
                0x0800dd60                USBH_LL_PortEnabled
 .text.USBH_LL_PortDisabled
                0x0800dd68        0x8 ../libDaisy/build\libdaisy.a(usbh_core.o)
                0x0800dd68                USBH_LL_PortDisabled
 .text.USBH_LL_Connect
                0x0800dd70       0x18 ../libDaisy/build\libdaisy.a(usbh_core.o)
                0x0800dd70                USBH_LL_Connect
 .text.USBH_LL_Disconnect
                0x0800dd88       0x2c ../libDaisy/build\libdaisy.a(usbh_core.o)
                0x0800dd88                USBH_LL_Disconnect
 .text.USBH_ClrFeature
                0x0800ddb4      0x1b4 ../libDaisy/build\libdaisy.a(usbh_ctlreq.o)
                0x0800ddb4                USBH_ClrFeature
 .text.USBH_CtlSendSetup
                0x0800df68       0x20 ../libDaisy/build\libdaisy.a(usbh_ioreq.o)
                0x0800df68                USBH_CtlSendSetup
 .text.USBH_CtlSendData
                0x0800df88       0x34 ../libDaisy/build\libdaisy.a(usbh_ioreq.o)
                0x0800df88                USBH_CtlSendData
 .text.USBH_CtlReceiveData
                0x0800dfbc       0x20 ../libDaisy/build\libdaisy.a(usbh_ioreq.o)
                0x0800dfbc                USBH_CtlReceiveData
 .text.USBH_BulkSendData
                0x0800dfdc       0x34 ../libDaisy/build\libdaisy.a(usbh_ioreq.o)
                0x0800dfdc                USBH_BulkSendData
 .text.USBH_FreePipe
                0x0800e010       0x18 ../libDaisy/build\libdaisy.a(usbh_pipes.o)
                0x0800e010                USBH_FreePipe
 .text.DummyRxCallback
                0x0800e028        0x4 ../libDaisy/build\libdaisy.a(usb.o)
                0x0800e028                DummyRxCallback
 .text._ZN5daisy9UsbHandle4InitENS0_9UsbPeriphE
                0x0800e02c      0x10c ../libDaisy/build\libdaisy.a(usb.o)
                0x0800e02c                daisy::UsbHandle::Init(daisy::UsbHandle::UsbPeriph)
 .text._ZN5daisy9UsbHandle16TransmitInternalEPhj
                0x0800e138       0x14 ../libDaisy/build\libdaisy.a(usb.o)
                0x0800e138                daisy::UsbHandle::TransmitInternal(unsigned char*, unsigned int)
 .text._ZN5daisy9UsbHandle16TransmitExternalEPhj
                0x0800e14c       0x14 ../libDaisy/build\libdaisy.a(usb.o)
                0x0800e14c                daisy::UsbHandle::TransmitExternal(unsigned char*, unsigned int)
 .text._ZN5daisy9UsbHandle18SetReceiveCallbackEPFvPhPmENS0_9UsbPeriphE
                0x0800e160       0x38 ../libDaisy/build\libdaisy.a(usb.o)
                0x0800e160                daisy::UsbHandle::SetReceiveCallback(void (*)(unsigned char*, unsigned long*), daisy::UsbHandle::UsbPeriph)
 .text.OTG_FS_EP1_OUT_IRQHandler
                0x0800e198        0xc ../libDaisy/build\libdaisy.a(usb.o)
                0x0800e198                OTG_FS_EP1_OUT_IRQHandler
 .text.OTG_FS_EP1_IN_IRQHandler
                0x0800e1a4        0xc ../libDaisy/build\libdaisy.a(usb.o)
                0x0800e1a4                OTG_FS_EP1_IN_IRQHandler
 .text.OTG_FS_IRQHandler
                0x0800e1b0        0xc ../libDaisy/build\libdaisy.a(usb.o)
                0x0800e1b0                OTG_FS_IRQHandler
 .text._ZN5daisy13USBHostHandle4ImplD2Ev
                0x0800e1bc        0x4 ../libDaisy/build\libdaisy.a(usb_host.o)
                0x0800e1bc                daisy::USBHostHandle::Impl::~Impl()
                0x0800e1bc                daisy::USBHostHandle::Impl::~Impl()
 .text.startup._GLOBAL__sub_I_hUsbHostHS
                0x0800e1c0       0x38 ../libDaisy/build\libdaisy.a(usb_host.o)
 .text._ZN5daisy6Random4InitEv
                0x0800e1f8       0x3c ../libDaisy/build\libdaisy.a(rng.o)
                0x0800e1f8                daisy::Random::Init()
 .text._ZN5daisy9SpiHandle4Impl7InitDmaEv
                0x0800e234       0xec ../libDaisy/build\libdaisy.a(spi.o)
                0x0800e234                daisy::SpiHandle::Impl::InitDma()
 .text._ZN5daisy9SpiHandle4Impl10StartDmaTxEPhjPFvPvEPFvS3_NS0_6ResultEES3_
                0x0800e320       0xc8 ../libDaisy/build\libdaisy.a(spi.o)
                0x0800e320                daisy::SpiHandle::Impl::StartDmaTx(unsigned char*, unsigned int, void (*)(void*), void (*)(void*, daisy::SpiHandle::Result), void*)
 .text._ZN5daisy9SpiHandle4Impl10StartDmaRxEPhjPFvPvEPFvS3_NS0_6ResultEES3_
                0x0800e3e8       0xc8 ../libDaisy/build\libdaisy.a(spi.o)
                0x0800e3e8                daisy::SpiHandle::Impl::StartDmaRx(unsigned char*, unsigned int, void (*)(void*), void (*)(void*, daisy::SpiHandle::Result), void*)
 .text._ZN5daisy9SpiHandle4Impl12StartDmaRxTxEPhS2_jPFvPvEPFvS3_NS0_6ResultEES3_
                0x0800e4b0       0xcc ../libDaisy/build\libdaisy.a(spi.o)
                0x0800e4b0                daisy::SpiHandle::Impl::StartDmaRxTx(unsigned char*, unsigned char*, unsigned int, void (*)(void*), void (*)(void*, daisy::SpiHandle::Result), void*)
 .text._ZN5daisy9SpiHandle4Impl8InitPinsEv
                0x0800e57c      0x25c ../libDaisy/build\libdaisy.a(spi.o)
                0x0800e57c                daisy::SpiHandle::Impl::InitPins()
 .text.HAL_SPI_MspInit
                0x0800e7d8      0x6e8 ../libDaisy/build\libdaisy.a(spi.o)
                0x0800e7d8                HAL_SPI_MspInit
 .text.dsy_spi_global_init
                0x0800eec0       0x80 ../libDaisy/build\libdaisy.a(spi.o)
                0x0800eec0                dsy_spi_global_init
 .text.SPI1_IRQHandler
                0x0800ef40        0xc ../libDaisy/build\libdaisy.a(spi.o)
                0x0800ef40                SPI1_IRQHandler
 .text.SPI2_IRQHandler
                0x0800ef4c        0xc ../libDaisy/build\libdaisy.a(spi.o)
                0x0800ef4c                SPI2_IRQHandler
 .text.SPI3_IRQHandler
                0x0800ef58        0xc ../libDaisy/build\libdaisy.a(spi.o)
                0x0800ef58                SPI3_IRQHandler
 .text.SPI4_IRQHandler
                0x0800ef64        0xc ../libDaisy/build\libdaisy.a(spi.o)
                0x0800ef64                SPI4_IRQHandler
 .text.SPI5_IRQHandler
                0x0800ef70        0xc ../libDaisy/build\libdaisy.a(spi.o)
                0x0800ef70                SPI5_IRQHandler
 .text.DMA2_Stream2_IRQHandler
                0x0800ef7c       0x34 ../libDaisy/build\libdaisy.a(spi.o)
                0x0800ef7c                DMA2_Stream2_IRQHandler
 .text.DMA2_Stream3_IRQHandler
                0x0800efb0       0x38 ../libDaisy/build\libdaisy.a(spi.o)
                0x0800efb0                DMA2_Stream3_IRQHandler
 .text.HAL_SPI_TxCpltCallback
                0x0800efe8       0xc4 ../libDaisy/build\libdaisy.a(spi.o)
                0x0800efe8                HAL_SPI_TxCpltCallback
 .text.HAL_SPI_RxCpltCallback
                0x0800f0ac       0xc4 ../libDaisy/build\libdaisy.a(spi.o)
                0x0800f0ac                HAL_SPI_RxCpltCallback
 .text.HAL_SPI_TxRxCpltCallback
                0x0800f170       0xc4 ../libDaisy/build\libdaisy.a(spi.o)
                0x0800f170                HAL_SPI_TxRxCpltCallback
 .text.HAL_SPI_ErrorCallback
                0x0800f234       0xc8 ../libDaisy/build\libdaisy.a(spi.o)
                0x0800f234                HAL_SPI_ErrorCallback
 .text.startup._GLOBAL__sub_I__Z19MapInstanceToHandleP11SPI_TypeDef
                0x0800f2fc      0x1d8 ../libDaisy/build\libdaisy.a(spi.o)
 .text.HAL_TIM_Base_MspInit
                0x0800f4d4      0x1e0 ../libDaisy/build\libdaisy.a(tim.o)
                0x0800f4d4                HAL_TIM_Base_MspInit
 .text.HAL_TIM_PeriodElapsedCallback
                0x0800f6b4       0x44 ../libDaisy/build\libdaisy.a(tim.o)
                0x0800f6b4                HAL_TIM_PeriodElapsedCallback
 .text.TIM2_IRQHandler
                0x0800f6f8        0xc ../libDaisy/build\libdaisy.a(tim.o)
                0x0800f6f8                TIM2_IRQHandler
 .text.TIM3_IRQHandler
                0x0800f704        0xc ../libDaisy/build\libdaisy.a(tim.o)
                0x0800f704                TIM3_IRQHandler
 .text.TIM4_IRQHandler
                0x0800f710        0xc ../libDaisy/build\libdaisy.a(tim.o)
                0x0800f710                TIM4_IRQHandler
 .text.TIM5_IRQHandler
                0x0800f71c        0xc ../libDaisy/build\libdaisy.a(tim.o)
                0x0800f71c                TIM5_IRQHandler
 .text._ZN5daisy11TimerHandle4InitERKNS0_6ConfigE
                0x0800f728       0xd0 ../libDaisy/build\libdaisy.a(tim.o)
                0x0800f728                daisy::TimerHandle::Init(daisy::TimerHandle::Config const&)
 .text._ZN5daisy11TimerHandle5StartEv
                0x0800f7f8       0x24 ../libDaisy/build\libdaisy.a(tim.o)
                0x0800f7f8                daisy::TimerHandle::Start()
 .text._ZN5daisy11TimerHandle7DelayUsEm
                0x0800f81c       0x34 ../libDaisy/build\libdaisy.a(tim.o)
                0x0800f81c                daisy::TimerHandle::DelayUs(unsigned long)
 .text.startup._GLOBAL__sub_I__ZN5daisy11TimerHandle4Impl4InitERKNS0_6ConfigE
                0x0800f850       0x38 ../libDaisy/build\libdaisy.a(tim.o)
 .text._ZL20UART_CheckRxListenerPN5daisy11UartHandler4ImplE
                0x0800f888       0x84 ../libDaisy/build\libdaisy.a(uart.o)
 .text._ZN5daisy11UartHandler4Impl10StartDmaTxEPhjPFvPvEPFvS3_NS0_6ResultEES3_
                0x0800f90c      0x184 ../libDaisy/build\libdaisy.a(uart.o)
                0x0800f90c                daisy::UartHandler::Impl::StartDmaTx(unsigned char*, unsigned int, void (*)(void*), void (*)(void*, daisy::UartHandler::Result), void*)
 .text._ZN5daisy11UartHandler4Impl10StartDmaRxEPhjPFvPvEPFvS3_NS0_6ResultEES3_
                0x0800fa90      0x184 ../libDaisy/build\libdaisy.a(uart.o)
                0x0800fa90                daisy::UartHandler::Impl::StartDmaRx(unsigned char*, unsigned int, void (*)(void*), void (*)(void*, daisy::UartHandler::Result), void*)
 .text._ZN5daisy11UartHandler4Impl19DmaTransferFinishedEP20__UART_HandleTypeDefNS0_6ResultE
                0x0800fc14       0xc0 ../libDaisy/build\libdaisy.a(uart.o)
                0x0800fc14                daisy::UartHandler::Impl::DmaTransferFinished(__UART_HandleTypeDef*, daisy::UartHandler::Result)
 .text._ZN5daisy11UartHandler4Impl8InitPinsEv
                0x0800fcd4      0x148 ../libDaisy/build\libdaisy.a(uart.o)
                0x0800fcd4                daisy::UartHandler::Impl::InitPins()
 .text.HAL_UART_MspInit
                0x0800fe1c      0x4b4 ../libDaisy/build\libdaisy.a(uart.o)
                0x0800fe1c                HAL_UART_MspInit
 .text.dsy_uart_global_init
                0x080102d0      0x110 ../libDaisy/build\libdaisy.a(uart.o)
                0x080102d0                dsy_uart_global_init
 .text.USART1_IRQHandler
                0x080103e0       0x2c ../libDaisy/build\libdaisy.a(uart.o)
                0x080103e0                USART1_IRQHandler
 .text.USART2_IRQHandler
                0x0801040c       0x34 ../libDaisy/build\libdaisy.a(uart.o)
                0x0801040c                USART2_IRQHandler
 .text.USART3_IRQHandler
                0x08010440       0x34 ../libDaisy/build\libdaisy.a(uart.o)
                0x08010440                USART3_IRQHandler
 .text.UART4_IRQHandler
                0x08010474       0x34 ../libDaisy/build\libdaisy.a(uart.o)
                0x08010474                UART4_IRQHandler
 .text.UART5_IRQHandler
                0x080104a8       0x34 ../libDaisy/build\libdaisy.a(uart.o)
                0x080104a8                UART5_IRQHandler
 .text.USART6_IRQHandler
                0x080104dc       0x34 ../libDaisy/build\libdaisy.a(uart.o)
                0x080104dc                USART6_IRQHandler
 .text.UART7_IRQHandler
                0x08010510       0x34 ../libDaisy/build\libdaisy.a(uart.o)
                0x08010510                UART7_IRQHandler
 .text.UART8_IRQHandler
                0x08010544       0x34 ../libDaisy/build\libdaisy.a(uart.o)
                0x08010544                UART8_IRQHandler
 .text.LPUART1_IRQHandler
                0x08010578       0x34 ../libDaisy/build\libdaisy.a(uart.o)
                0x08010578                LPUART1_IRQHandler
 .text.DMA1_Stream5_IRQHandler
                0x080105ac       0x34 ../libDaisy/build\libdaisy.a(uart.o)
                0x080105ac                DMA1_Stream5_IRQHandler
 .text.DMA2_Stream4_IRQHandler
                0x080105e0       0x38 ../libDaisy/build\libdaisy.a(uart.o)
                0x080105e0                DMA2_Stream4_IRQHandler
 .text.HAL_UART_TxCpltCallback
                0x08010618        0x8 ../libDaisy/build\libdaisy.a(uart.o)
                0x08010618                HAL_UART_TxCpltCallback
 .text.HAL_UART_RxCpltCallback
                0x08010620       0x94 ../libDaisy/build\libdaisy.a(uart.o)
                0x08010620                HAL_UART_RxCpltCallback
 .text.HAL_UART_RxHalfCpltCallback
                0x080106b4       0x90 ../libDaisy/build\libdaisy.a(uart.o)
                0x080106b4                HAL_UART_RxHalfCpltCallback
 .text.HAL_UART_ErrorCallback
                0x08010744       0x94 ../libDaisy/build\libdaisy.a(uart.o)
                0x08010744                HAL_UART_ErrorCallback
 .text.startup._GLOBAL__sub_I__Z19MapInstanceToHandleP13USART_TypeDef
                0x080107d8      0x1b0 ../libDaisy/build\libdaisy.a(uart.o)
 .text.dsy_dma_init
                0x08010988      0x100 ../libDaisy/build\libdaisy.a(dma.o)
                0x08010988                dsy_dma_init
 .text.dsy_dma_invalidate_cache_for_buffer
                0x08010a88       0x2c ../libDaisy/build\libdaisy.a(dma.o)
                0x08010a88                dsy_dma_invalidate_cache_for_buffer
 .text.dummy_rx_callback
                0x08010ab4        0x4 ../libDaisy/build\libdaisy.a(usbd_cdc_if.o)
                0x08010ab4                dummy_rx_callback
 .text.CDC_DeInit_FS
                0x08010ab8        0x4 ../libDaisy/build\libdaisy.a(usbd_cdc_if.o)
 .text.CDC_Receive_FS
                0x08010abc       0x2c ../libDaisy/build\libdaisy.a(usbd_cdc_if.o)
 .text.CDC_Receive_HS
                0x08010ae8       0x2c ../libDaisy/build\libdaisy.a(usbd_cdc_if.o)
 .text.CDC_Init_FS
                0x08010b14       0x3c ../libDaisy/build\libdaisy.a(usbd_cdc_if.o)
 .text.CDC_Init_HS
                0x08010b50       0x3c ../libDaisy/build\libdaisy.a(usbd_cdc_if.o)
 .text.CDC_Control_FS
                0x08010b8c       0x34 ../libDaisy/build\libdaisy.a(usbd_cdc_if.o)
 .text.CDC_Control_HS
                0x08010bc0       0x34 ../libDaisy/build\libdaisy.a(usbd_cdc_if.o)
 .text.CDC_DeInit_HS
                0x08010bf4        0x4 ../libDaisy/build\libdaisy.a(usbd_cdc_if.o)
 .text.CDC_Transmit_FS
                0x08010bf8       0x2c ../libDaisy/build\libdaisy.a(usbd_cdc_if.o)
                0x08010bf8                CDC_Transmit_FS
 .text.CDC_Transmit_HS
                0x08010c24       0x2c ../libDaisy/build\libdaisy.a(usbd_cdc_if.o)
                0x08010c24                CDC_Transmit_HS
 .text.CDC_Set_Rx_Callback_FS
                0x08010c50        0xc ../libDaisy/build\libdaisy.a(usbd_cdc_if.o)
                0x08010c50                CDC_Set_Rx_Callback_FS
 .text.CDC_Set_Rx_Callback_HS
                0x08010c5c        0xc ../libDaisy/build\libdaisy.a(usbd_cdc_if.o)
                0x08010c5c                CDC_Set_Rx_Callback_HS
 .text.USBD_HS_DeviceDescriptor
                0x08010c68        0xc ../libDaisy/build\libdaisy.a(usbd_desc.o)
                0x08010c68                USBD_HS_DeviceDescriptor
 .text.USBD_FS_DeviceDescriptor
                0x08010c74        0xc ../libDaisy/build\libdaisy.a(usbd_desc.o)
                0x08010c74                USBD_FS_DeviceDescriptor
 .text.USBD_FS_LangIDStrDescriptor
                0x08010c80        0xc ../libDaisy/build\libdaisy.a(usbd_desc.o)
                0x08010c80                USBD_FS_LangIDStrDescriptor
 .text.USBD_FS_ManufacturerStrDescriptor
                0x08010c8c       0x1c ../libDaisy/build\libdaisy.a(usbd_desc.o)
                0x08010c8c                USBD_FS_ManufacturerStrDescriptor
 .text.USBD_HS_ProductStrDescriptor
                0x08010ca8       0x1c ../libDaisy/build\libdaisy.a(usbd_desc.o)
                0x08010ca8                USBD_HS_ProductStrDescriptor
 .text.USBD_FS_ConfigStrDescriptor
                0x08010cc4       0x1c ../libDaisy/build\libdaisy.a(usbd_desc.o)
                0x08010cc4                USBD_FS_ConfigStrDescriptor
 .text.USBD_FS_InterfaceStrDescriptor
                0x08010ce0       0x1c ../libDaisy/build\libdaisy.a(usbd_desc.o)
                0x08010ce0                USBD_FS_InterfaceStrDescriptor
 .text.USBD_FS_ProductStrDescriptor
                0x08010cfc       0x1c ../libDaisy/build\libdaisy.a(usbd_desc.o)
                0x08010cfc                USBD_FS_ProductStrDescriptor
 .text.USBD_HS_LangIDStrDescriptor
                0x08010d18        0xc ../libDaisy/build\libdaisy.a(usbd_desc.o)
                0x08010d18                USBD_HS_LangIDStrDescriptor
 .text.USBD_HS_ManufacturerStrDescriptor
                0x08010d24       0x1c ../libDaisy/build\libdaisy.a(usbd_desc.o)
                0x08010d24                USBD_HS_ManufacturerStrDescriptor
 .text.USBD_FS_SerialStrDescriptor
                0x08010d40      0x124 ../libDaisy/build\libdaisy.a(usbd_desc.o)
                0x08010d40                USBD_FS_SerialStrDescriptor
 .text.USBD_HS_SerialStrDescriptor
                0x08010e64      0x124 ../libDaisy/build\libdaisy.a(usbd_desc.o)
                0x08010e64                USBD_HS_SerialStrDescriptor
 .text.USBD_HS_InterfaceStrDescriptor
                0x08010f88       0x1c ../libDaisy/build\libdaisy.a(usbd_desc.o)
                0x08010f88                USBD_HS_InterfaceStrDescriptor
 .text.USBD_HS_ConfigStrDescriptor
                0x08010fa4       0x1c ../libDaisy/build\libdaisy.a(usbd_desc.o)
                0x08010fa4                USBD_HS_ConfigStrDescriptor
 .text.HAL_MDMA_Abort_IT
                0x08010fc0       0x2c ../libDaisy/build\libdaisy.a(stm32h7xx_hal_mdma.o)
                0x08010fc0                HAL_MDMA_Abort_IT
 .text.SPI_CloseTransfer
                0x08010fec       0xb8 ../libDaisy/build\libdaisy.a(stm32h7xx_hal_spi.o)
 .text.HAL_SPI_Init
                0x080110a4      0x1a8 ../libDaisy/build\libdaisy.a(stm32h7xx_hal_spi.o)
                0x080110a4                HAL_SPI_Init
 .text.HAL_SPI_Transmit_DMA
                0x0801124c      0x180 ../libDaisy/build\libdaisy.a(stm32h7xx_hal_spi.o)
                0x0801124c                HAL_SPI_Transmit_DMA
 .text.HAL_SPI_Receive_DMA
                0x080113cc      0x194 ../libDaisy/build\libdaisy.a(stm32h7xx_hal_spi.o)
                0x080113cc                HAL_SPI_Receive_DMA
 .text.HAL_SPI_TransmitReceive_DMA
                0x08011560      0x214 ../libDaisy/build\libdaisy.a(stm32h7xx_hal_spi.o)
                0x08011560                HAL_SPI_TransmitReceive_DMA
 .text.SPI_DMATransmitCplt
                0x08011774       0x28 ../libDaisy/build\libdaisy.a(stm32h7xx_hal_spi.o)
 .text.SPI_DMAReceiveCplt
                0x0801179c       0x28 ../libDaisy/build\libdaisy.a(stm32h7xx_hal_spi.o)
 .text.SPI_DMATransmitReceiveCplt
                0x080117c4       0x28 ../libDaisy/build\libdaisy.a(stm32h7xx_hal_spi.o)
 .text.HAL_SPI_TxHalfCpltCallback
                0x080117ec        0x4 ../libDaisy/build\libdaisy.a(stm32h7xx_hal_spi.o)
                0x080117ec                HAL_SPI_TxHalfCpltCallback
 .text.SPI_DMAHalfTransmitCplt
                0x080117f0        0xc ../libDaisy/build\libdaisy.a(stm32h7xx_hal_spi.o)
 .text.HAL_SPI_RxHalfCpltCallback
                0x080117fc        0x4 ../libDaisy/build\libdaisy.a(stm32h7xx_hal_spi.o)
                0x080117fc                HAL_SPI_RxHalfCpltCallback
 .text.SPI_DMAHalfReceiveCplt
                0x08011800        0xc ../libDaisy/build\libdaisy.a(stm32h7xx_hal_spi.o)
 .text.HAL_SPI_TxRxHalfCpltCallback
                0x0801180c        0x4 ../libDaisy/build\libdaisy.a(stm32h7xx_hal_spi.o)
                0x0801180c                HAL_SPI_TxRxHalfCpltCallback
 .text.SPI_DMAHalfTransmitReceiveCplt
                0x08011810        0xc ../libDaisy/build\libdaisy.a(stm32h7xx_hal_spi.o)
 .text.SPI_DMAError
                0x0801181c       0xd8 ../libDaisy/build\libdaisy.a(stm32h7xx_hal_spi.o)
 .text.SPI_DMAAbortOnError
                0x080118f4       0x1c ../libDaisy/build\libdaisy.a(stm32h7xx_hal_spi.o)
 .text.HAL_SPI_SuspendCallback
                0x08011910        0x4 ../libDaisy/build\libdaisy.a(stm32h7xx_hal_spi.o)
                0x08011910                HAL_SPI_SuspendCallback
 .text.HAL_SPI_IRQHandler
                0x08011914      0x214 ../libDaisy/build\libdaisy.a(stm32h7xx_hal_spi.o)
                0x08011914                HAL_SPI_IRQHandler
 .text.HAL_SPI_GetState
                0x08011b28        0x8 ../libDaisy/build\libdaisy.a(stm32h7xx_hal_spi.o)
                0x08011b28                HAL_SPI_GetState
 .text.HAL_TIM_Base_Init
                0x08011b30      0x16c ../libDaisy/build\libdaisy.a(stm32h7xx_hal_tim.o)
                0x08011b30                HAL_TIM_Base_Init
 .text.HAL_TIM_Base_Start
                0x08011c9c       0xb0 ../libDaisy/build\libdaisy.a(stm32h7xx_hal_tim.o)
                0x08011c9c                HAL_TIM_Base_Start
 .text.HAL_TIM_Base_Start_IT
                0x08011d4c       0xb8 ../libDaisy/build\libdaisy.a(stm32h7xx_hal_tim.o)
                0x08011d4c                HAL_TIM_Base_Start_IT
 .text.HAL_TIM_ConfigClockSource
                0x08011e04      0x198 ../libDaisy/build\libdaisy.a(stm32h7xx_hal_tim.o)
                0x08011e04                HAL_TIM_ConfigClockSource
 .text.HAL_TIM_OC_DelayElapsedCallback
                0x08011f9c        0x4 ../libDaisy/build\libdaisy.a(stm32h7xx_hal_tim.o)
                0x08011f9c                HAL_TIM_OC_DelayElapsedCallback
 .text.HAL_TIM_IC_CaptureCallback
                0x08011fa0        0x4 ../libDaisy/build\libdaisy.a(stm32h7xx_hal_tim.o)
                0x08011fa0                HAL_TIM_IC_CaptureCallback
 .text.HAL_TIM_PWM_PulseFinishedCallback
                0x08011fa4        0x4 ../libDaisy/build\libdaisy.a(stm32h7xx_hal_tim.o)
                0x08011fa4                HAL_TIM_PWM_PulseFinishedCallback
 .text.HAL_TIM_TriggerCallback
                0x08011fa8        0x4 ../libDaisy/build\libdaisy.a(stm32h7xx_hal_tim.o)
                0x08011fa8                HAL_TIM_TriggerCallback
 .text.HAL_TIM_IRQHandler
                0x08011fac      0x154 ../libDaisy/build\libdaisy.a(stm32h7xx_hal_tim.o)
                0x08011fac                HAL_TIM_IRQHandler
 .text.HAL_TIMEx_MasterConfigSynchronization
                0x08012100       0xb4 ../libDaisy/build\libdaisy.a(stm32h7xx_hal_tim_ex.o)
                0x08012100                HAL_TIMEx_MasterConfigSynchronization
 .text.HAL_TIMEx_CommutCallback
                0x080121b4        0x4 ../libDaisy/build\libdaisy.a(stm32h7xx_hal_tim_ex.o)
                0x080121b4                HAL_TIMEx_CommutCallback
 .text.HAL_TIMEx_BreakCallback
                0x080121b8        0x4 ../libDaisy/build\libdaisy.a(stm32h7xx_hal_tim_ex.o)
                0x080121b8                HAL_TIMEx_BreakCallback
 .text.HAL_TIMEx_Break2Callback
                0x080121bc        0x4 ../libDaisy/build\libdaisy.a(stm32h7xx_hal_tim_ex.o)
                0x080121bc                HAL_TIMEx_Break2Callback
 .text.HAL_UART_Transmit_DMA
                0x080121c0       0x8c ../libDaisy/build\libdaisy.a(stm32h7xx_hal_uart.o)
                0x080121c0                HAL_UART_Transmit_DMA
 .text.UART_DMATransmitCplt
                0x0801224c       0x44 ../libDaisy/build\libdaisy.a(stm32h7xx_hal_uart.o)
 .text.HAL_UART_TxHalfCpltCallback
                0x08012290        0x4 ../libDaisy/build\libdaisy.a(stm32h7xx_hal_uart.o)
                0x08012290                HAL_UART_TxHalfCpltCallback
 .text.UART_DMATxHalfCplt
                0x08012294        0xc ../libDaisy/build\libdaisy.a(stm32h7xx_hal_uart.o)
 .text.UART_DMAError
                0x080122a0       0xd4 ../libDaisy/build\libdaisy.a(stm32h7xx_hal_uart.o)
 .text.UART_DMAAbortOnError
                0x08012374       0x14 ../libDaisy/build\libdaisy.a(stm32h7xx_hal_uart.o)
 .text.HAL_UARTEx_RxEventCallback
                0x08012388        0x4 ../libDaisy/build\libdaisy.a(stm32h7xx_hal_uart.o)
                0x08012388                HAL_UARTEx_RxEventCallback
 .text.HAL_UART_IRQHandler
                0x0801238c      0x380 ../libDaisy/build\libdaisy.a(stm32h7xx_hal_uart.o)
                0x0801238c                HAL_UART_IRQHandler
 .text.UART_DMARxHalfCplt
                0x0801270c       0x20 ../libDaisy/build\libdaisy.a(stm32h7xx_hal_uart.o)
 .text.UART_DMAReceiveCplt
                0x0801272c       0x9c ../libDaisy/build\libdaisy.a(stm32h7xx_hal_uart.o)
 .text.HAL_UART_GetState
                0x080127c8        0xc ../libDaisy/build\libdaisy.a(stm32h7xx_hal_uart.o)
                0x080127c8                HAL_UART_GetState
 .text.UART_SetConfig
                0x080127d4      0x534 ../libDaisy/build\libdaisy.a(stm32h7xx_hal_uart.o)
                0x080127d4                UART_SetConfig
 .text.UART_AdvFeatureConfig
                0x08012d08       0xb0 ../libDaisy/build\libdaisy.a(stm32h7xx_hal_uart.o)
                0x08012d08                UART_AdvFeatureConfig
 .text.UART_CheckIdleState
                0x08012db8      0x260 ../libDaisy/build\libdaisy.a(stm32h7xx_hal_uart.o)
                0x08012db8                UART_CheckIdleState
 .text.HAL_UART_Init
                0x08013018       0x68 ../libDaisy/build\libdaisy.a(stm32h7xx_hal_uart.o)
                0x08013018                HAL_UART_Init
 .text.UART_Start_Receive_DMA
                0x08013080       0xa4 ../libDaisy/build\libdaisy.a(stm32h7xx_hal_uart.o)
                0x08013080                UART_Start_Receive_DMA
 .text.HAL_UART_Receive_DMA
                0x08013124       0x48 ../libDaisy/build\libdaisy.a(stm32h7xx_hal_uart.o)
                0x08013124                HAL_UART_Receive_DMA
 .text.HAL_UARTEx_WakeupCallback
                0x0801316c        0x4 ../libDaisy/build\libdaisy.a(stm32h7xx_hal_uart_ex.o)
                0x0801316c                HAL_UARTEx_WakeupCallback
 .text.HAL_UARTEx_RxFifoFullCallback
                0x08013170        0x4 ../libDaisy/build\libdaisy.a(stm32h7xx_hal_uart_ex.o)
                0x08013170                HAL_UARTEx_RxFifoFullCallback
 .text.HAL_UARTEx_TxFifoEmptyCallback
                0x08013174        0x4 ../libDaisy/build\libdaisy.a(stm32h7xx_hal_uart_ex.o)
                0x08013174                HAL_UARTEx_TxFifoEmptyCallback
 .text.USBD_CDC_EP0_RxReady
                0x08013178       0x3c ../libDaisy/build\libdaisy.a(usbd_cdc.o)
 .text.USBD_CDC_GetFSCfgDesc
                0x080131b4       0x24 ../libDaisy/build\libdaisy.a(usbd_cdc.o)
 .text.USBD_CDC_GetHSCfgDesc
                0x080131d8       0x24 ../libDaisy/build\libdaisy.a(usbd_cdc.o)
 .text.USBD_CDC_GetOtherSpeedCfgDesc
                0x080131fc       0x24 ../libDaisy/build\libdaisy.a(usbd_cdc.o)
 .text.USBD_CDC_GetDeviceQualifierDescriptor
                0x08013220       0x10 ../libDaisy/build\libdaisy.a(usbd_cdc.o)
                0x08013220                USBD_CDC_GetDeviceQualifierDescriptor
 .text.USBD_CDC_DataOut
                0x08013230       0x38 ../libDaisy/build\libdaisy.a(usbd_cdc.o)
 .text.USBD_CDC_DataIn
                0x08013268       0x70 ../libDaisy/build\libdaisy.a(usbd_cdc.o)
 .text.USBD_CDC_Setup
                0x080132d8      0x11c ../libDaisy/build\libdaisy.a(usbd_cdc.o)
 .text.USBD_CDC_DeInit
                0x080133f4       0x5c ../libDaisy/build\libdaisy.a(usbd_cdc.o)
 .text.USBD_CDC_Init
                0x08013450       0xd8 ../libDaisy/build\libdaisy.a(usbd_cdc.o)
 .text.USBD_CDC_RegisterInterface
                0x08013528       0x18 ../libDaisy/build\libdaisy.a(usbd_cdc.o)
                0x08013528                USBD_CDC_RegisterInterface
 .text.USBD_CDC_SetTxBuffer
                0x08013540       0x1c ../libDaisy/build\libdaisy.a(usbd_cdc.o)
                0x08013540                USBD_CDC_SetTxBuffer
 .text.USBD_CDC_SetRxBuffer
                0x0801355c       0x18 ../libDaisy/build\libdaisy.a(usbd_cdc.o)
                0x0801355c                USBD_CDC_SetRxBuffer
 .text.USBD_CDC_TransmitPacket
                0x08013574       0x38 ../libDaisy/build\libdaisy.a(usbd_cdc.o)
                0x08013574                USBD_CDC_TransmitPacket
 .text.USBD_CDC_ReceivePacket